Archive member included to satisfy reference by file (symbol)

c:/ctools/gnu_arm_toolchain/12.2_mpacbti-rel1/bin/../lib/gcc/arm-none-eabi/12.2.1/thumb/v7e-m/nofp\libgcc.a(_arm_addsubsf3.o)
                              CMakeFiles/uart3.elf.dir/Core/Src/main.c.obj (__aeabi_i2f)
c:/ctools/gnu_arm_toolchain/12.2_mpacbti-rel1/bin/../lib/gcc/arm-none-eabi/12.2.1/thumb/v7e-m/nofp\libgcc.a(_arm_fixsfsi.o)
                              CMakeFiles/uart3.elf.dir/Core/Src/main.c.obj (__aeabi_f2iz)
c:/ctools/gnu_arm_toolchain/12.2_mpacbti-rel1/bin/../lib/gcc/arm-none-eabi/12.2.1/thumb/v7e-m/nofp\libg.a(libc_a-exit.o)
                              c:/ctools/gnu_arm_toolchain/12.2_mpacbti-rel1/bin/../lib/gcc/arm-none-eabi/12.2.1/thumb/v7e-m/nofp/crt0.o (exit)
c:/ctools/gnu_arm_toolchain/12.2_mpacbti-rel1/bin/../lib/gcc/arm-none-eabi/12.2.1/thumb/v7e-m/nofp\libg.a(libc_a-findfp.o)
                              c:/ctools/gnu_arm_toolchain/12.2_mpacbti-rel1/bin/../lib/gcc/arm-none-eabi/12.2.1/thumb/v7e-m/nofp\libg.a(libc_a-exit.o) (__stdio_exit_handler)
c:/ctools/gnu_arm_toolchain/12.2_mpacbti-rel1/bin/../lib/gcc/arm-none-eabi/12.2.1/thumb/v7e-m/nofp\libg.a(libc_a-fwalk.o)
                              c:/ctools/gnu_arm_toolchain/12.2_mpacbti-rel1/bin/../lib/gcc/arm-none-eabi/12.2.1/thumb/v7e-m/nofp\libg.a(libc_a-findfp.o) (_fwalk_sglue)
c:/ctools/gnu_arm_toolchain/12.2_mpacbti-rel1/bin/../lib/gcc/arm-none-eabi/12.2.1/thumb/v7e-m/nofp\libg.a(libc_a-sprintf.o)
                              CMakeFiles/uart3.elf.dir/Core/Src/main.c.obj (sprintf)
c:/ctools/gnu_arm_toolchain/12.2_mpacbti-rel1/bin/../lib/gcc/arm-none-eabi/12.2.1/thumb/v7e-m/nofp\libg.a(libc_a-stdio.o)
                              c:/ctools/gnu_arm_toolchain/12.2_mpacbti-rel1/bin/../lib/gcc/arm-none-eabi/12.2.1/thumb/v7e-m/nofp\libg.a(libc_a-findfp.o) (__sread)
c:/ctools/gnu_arm_toolchain/12.2_mpacbti-rel1/bin/../lib/gcc/arm-none-eabi/12.2.1/thumb/v7e-m/nofp\libg.a(libc_a-memset.o)
                              c:/ctools/gnu_arm_toolchain/12.2_mpacbti-rel1/bin/../lib/gcc/arm-none-eabi/12.2.1/thumb/v7e-m/nofp/crt0.o (memset)
c:/ctools/gnu_arm_toolchain/12.2_mpacbti-rel1/bin/../lib/gcc/arm-none-eabi/12.2.1/thumb/v7e-m/nofp\libg.a(libc_a-closer.o)
                              c:/ctools/gnu_arm_toolchain/12.2_mpacbti-rel1/bin/../lib/gcc/arm-none-eabi/12.2.1/thumb/v7e-m/nofp\libg.a(libc_a-stdio.o) (_close_r)
c:/ctools/gnu_arm_toolchain/12.2_mpacbti-rel1/bin/../lib/gcc/arm-none-eabi/12.2.1/thumb/v7e-m/nofp\libg.a(libc_a-reent.o)
                              c:/ctools/gnu_arm_toolchain/12.2_mpacbti-rel1/bin/../lib/gcc/arm-none-eabi/12.2.1/thumb/v7e-m/nofp\libg.a(libc_a-closer.o) (errno)
c:/ctools/gnu_arm_toolchain/12.2_mpacbti-rel1/bin/../lib/gcc/arm-none-eabi/12.2.1/thumb/v7e-m/nofp\libg.a(libc_a-impure.o)
                              c:/ctools/gnu_arm_toolchain/12.2_mpacbti-rel1/bin/../lib/gcc/arm-none-eabi/12.2.1/thumb/v7e-m/nofp\libg.a(libc_a-sprintf.o) (_impure_ptr)
c:/ctools/gnu_arm_toolchain/12.2_mpacbti-rel1/bin/../lib/gcc/arm-none-eabi/12.2.1/thumb/v7e-m/nofp\libg.a(libc_a-lseekr.o)
                              c:/ctools/gnu_arm_toolchain/12.2_mpacbti-rel1/bin/../lib/gcc/arm-none-eabi/12.2.1/thumb/v7e-m/nofp\libg.a(libc_a-stdio.o) (_lseek_r)
c:/ctools/gnu_arm_toolchain/12.2_mpacbti-rel1/bin/../lib/gcc/arm-none-eabi/12.2.1/thumb/v7e-m/nofp\libg.a(libc_a-readr.o)
                              c:/ctools/gnu_arm_toolchain/12.2_mpacbti-rel1/bin/../lib/gcc/arm-none-eabi/12.2.1/thumb/v7e-m/nofp\libg.a(libc_a-stdio.o) (_read_r)
c:/ctools/gnu_arm_toolchain/12.2_mpacbti-rel1/bin/../lib/gcc/arm-none-eabi/12.2.1/thumb/v7e-m/nofp\libg.a(libc_a-writer.o)
                              c:/ctools/gnu_arm_toolchain/12.2_mpacbti-rel1/bin/../lib/gcc/arm-none-eabi/12.2.1/thumb/v7e-m/nofp\libg.a(libc_a-stdio.o) (_write_r)
c:/ctools/gnu_arm_toolchain/12.2_mpacbti-rel1/bin/../lib/gcc/arm-none-eabi/12.2.1/thumb/v7e-m/nofp\libg.a(libc_a-errno.o)
                              CMakeFiles/uart3.elf.dir/Core/Src/syscalls.c.obj (__errno)
c:/ctools/gnu_arm_toolchain/12.2_mpacbti-rel1/bin/../lib/gcc/arm-none-eabi/12.2.1/thumb/v7e-m/nofp\libg.a(libc_a-init.o)
                              c:/ctools/gnu_arm_toolchain/12.2_mpacbti-rel1/bin/../lib/gcc/arm-none-eabi/12.2.1/thumb/v7e-m/nofp/crt0.o (__libc_init_array)
c:/ctools/gnu_arm_toolchain/12.2_mpacbti-rel1/bin/../lib/gcc/arm-none-eabi/12.2.1/thumb/v7e-m/nofp\libg.a(libc_a-lock.o)
                              c:/ctools/gnu_arm_toolchain/12.2_mpacbti-rel1/bin/../lib/gcc/arm-none-eabi/12.2.1/thumb/v7e-m/nofp\libg.a(libc_a-findfp.o) (__retarget_lock_init_recursive)
c:/ctools/gnu_arm_toolchain/12.2_mpacbti-rel1/bin/../lib/gcc/arm-none-eabi/12.2.1/thumb/v7e-m/nofp\libg.a(libc_a-strlen.o)
                              CMakeFiles/uart3.elf.dir/Core/Src/main.c.obj (strlen)
c:/ctools/gnu_arm_toolchain/12.2_mpacbti-rel1/bin/../lib/gcc/arm-none-eabi/12.2.1/thumb/v7e-m/nofp\libg.a(libc_a-__call_atexit.o)
[...]
Memory Configuration

Name             Origin             Length             Attributes
CCMRAM           0x10000000         0x00002000         xrw
RAM              0x20000000         0x0000a000         xrw
FLASH            0x08000000         0x00040000         xr
*default*        0x00000000         0xffffffff

Linker script and memory map

LOAD c:/ctools/gnu_arm_toolchain/12.2_mpacbti-rel1/bin/../lib/gcc/arm-none-eabi/12.2.1/thumb/v7e-m/nofp/crti.o
LOAD c:/ctools/gnu_arm_toolchain/12.2_mpacbti-rel1/bin/../lib/gcc/arm-none-eabi/12.2.1/thumb/v7e-m/nofp/crtbegin.o
LOAD c:/ctools/gnu_arm_toolchain/12.2_mpacbti-rel1/bin/../lib/gcc/arm-none-eabi/12.2.1/thumb/v7e-m/nofp/crt0.o
LOAD CMakeFiles/uart3.elf.dir/Core/Src/main.c.obj
LOAD CMakeFiles/uart3.elf.dir/Core/Src/stm32f3xx_hal_msp.c.obj
LOAD CMakeFiles/uart3.elf.dir/Core/Src/stm32f3xx_it.c.obj
LOAD CMakeFiles/uart3.elf.dir/Core/Src/syscalls.c.obj
LOAD CMakeFiles/uart3.elf.dir/Core/Src/sysmem.c.obj
LOAD CMakeFiles/uart3.elf.dir/Core/Src/system_stm32f3xx.c.obj
LOAD CMakeFiles/uart3.elf.dir/Core/Startup/startup_stm32f303vctx.s.obj
LOAD CMakeFiles/uart3.elf.dir/Drivers/STM32F3xx_HAL_Driver/Src/stm32f3xx_hal.c.obj
LOAD CMakeFiles/uart3.elf.dir/Drivers/STM32F3xx_HAL_Driver/Src/stm32f3xx_hal_cortex.c.obj
LOAD CMakeFiles/uart3.elf.dir/Drivers/STM32F3xx_HAL_Driver/Src/stm32f3xx_hal_dma.c.obj
LOAD CMakeFiles/uart3.elf.dir/Drivers/STM32F3xx_HAL_Driver/Src/stm32f3xx_hal_exti.c.obj
LOAD CMakeFiles/uart3.elf.dir/Drivers/STM32F3xx_HAL_Driver/Src/stm32f3xx_hal_flash.c.obj
LOAD CMakeFiles/uart3.elf.dir/Drivers/STM32F3xx_HAL_Driver/Src/stm32f3xx_hal_flash_ex.c.obj
LOAD CMakeFiles/uart3.elf.dir/Drivers/STM32F3xx_HAL_Driver/Src/stm32f3xx_hal_gpio.c.obj
LOAD CMakeFiles/uart3.elf.dir/Drivers/STM32F3xx_HAL_Driver/Src/stm32f3xx_hal_i2c.c.obj
LOAD CMakeFiles/uart3.elf.dir/Drivers/STM32F3xx_HAL_Driver/Src/stm32f3xx_hal_i2c_ex.c.obj
LOAD CMakeFiles/uart3.elf.dir/Drivers/STM32F3xx_HAL_Driver/Src/stm32f3xx_hal_pcd.c.obj
LOAD CMakeFiles/uart3.elf.dir/Drivers/STM32F3xx_HAL_Driver/Src/stm32f3xx_hal_pcd_ex.c.obj
LOAD CMakeFiles/uart3.elf.dir/Drivers/STM32F3xx_HAL_Driver/Src/stm32f3xx_hal_pwr.c.obj
LOAD CMakeFiles/uart3.elf.dir/Drivers/STM32F3xx_HAL_Driver/Src/stm32f3xx_hal_pwr_ex.c.obj
LOAD CMakeFiles/uart3.elf.dir/Drivers/STM32F3xx_HAL_Driver/Src/stm32f3xx_hal_rcc.c.obj
LOAD CMakeFiles/uart3.elf.dir/Drivers/STM32F3xx_HAL_Driver/Src/stm32f3xx_hal_rcc_ex.c.obj
LOAD CMakeFiles/uart3.elf.dir/Drivers/STM32F3xx_HAL_Driver/Src/stm32f3xx_hal_spi.c.obj
LOAD CMakeFiles/uart3.elf.dir/Drivers/STM32F3xx_HAL_Driver/Src/stm32f3xx_hal_spi_ex.c.obj
LOAD CMakeFiles/uart3.elf.dir/Drivers/STM32F3xx_HAL_Driver/Src/stm32f3xx_hal_tim.c.obj
LOAD CMakeFiles/uart3.elf.dir/Drivers/STM32F3xx_HAL_Driver/Src/stm32f3xx_hal_tim_ex.c.obj
LOAD CMakeFiles/uart3.elf.dir/Drivers/STM32F3xx_HAL_Driver/Src/stm32f3xx_hal_uart.c.obj
LOAD CMakeFiles/uart3.elf.dir/Drivers/STM32F3xx_HAL_Driver/Src/stm32f3xx_hal_uart_ex.c.obj
LOAD CMakeFiles/uart3.elf.dir/Drivers/STM32F3xx_HAL_Driver/Src/stm32f3xx_ll_usb.c.obj
START GROUP
LOAD c:/ctools/gnu_arm_toolchain/12.2_mpacbti-rel1/bin/../lib/gcc/arm-none-eabi/12.2.1/thumb/v7e-m/nofp\libgcc.a
LOAD c:/ctools/gnu_arm_toolchain/12.2_mpacbti-rel1/bin/../lib/gcc/arm-none-eabi/12.2.1/thumb/v7e-m/nofp\libg.a
LOAD c:/ctools/gnu_arm_toolchain/12.2_mpacbti-rel1/bin/../lib/gcc/arm-none-eabi/12.2.1/thumb/v7e-m/nofp\libc.a
END GROUP
LOAD c:/ctools/gnu_arm_toolchain/12.2_mpacbti-rel1/bin/../lib/gcc/arm-none-eabi/12.2.1/thumb/v7e-m/nofp/crtend.o
LOAD c:/ctools/gnu_arm_toolchain/12.2_mpacbti-rel1/bin/../lib/gcc/arm-none-eabi/12.2.1/thumb/v7e-m/nofp/crtn.o
                0x2000a000                        _estack = (ORIGIN (RAM) + LENGTH (RAM))
                0x00000200                        _Min_Heap_Size = 0x200
                0x00000400                        _Min_Stack_Size = 0x400

.isr_vector     0x08000000      0x188
                0x08000000                        . = ALIGN (0x4)
 *(.isr_vector)
 .isr_vector    0x08000000      0x188 CMakeFiles/uart3.elf.dir/Core/Startup/startup_stm32f303vctx.s.obj
                0x08000000                g_pfnVectors
                0x08000188                        . = ALIGN (0x4)

.text           0x080001c0     0x9fa0
                0x080001c0                        . = ALIGN (0x4)
 *(.text)
 .text          0x080001c0      0x21c c:/ctools/gnu_arm_toolchain/12.2_mpacbti-rel1/bin/../lib/gcc/arm-none-eabi/12.2.1/thumb/v7e-m/nofp\libgcc.a(_arm_addsubsf3.o)
                0x080001c0                __aeabi_frsub
                0x080001c8                __subsf3
                0x080001c8                __aeabi_fsub
                0x080001cc                __aeabi_fadd
                0x080001cc                __addsf3
                0x0800032c                __aeabi_ui2f
                0x0800032c                __floatunsisf
                0x08000334                __aeabi_i2f
                0x08000334                __floatsisf
                0x08000350                __aeabi_ul2f
                0x08000350                __floatundisf
                0x08000360                __aeabi_l2f
                0x08000360                __floatdisf
 .text          0x080003dc       0x4c c:/ctools/gnu_arm_toolchain/12.2_mpacbti-rel1/bin/../lib/gcc/arm-none-eabi/12.2.1/thumb/v7e-m/nofp\libgcc.a(_arm_fixsfsi.o)
                0x080003dc                __aeabi_f2iz
                0x080003dc                __fixsfsi
 *fill*         0x08000428       0x18 
 .text          0x08000440       0xd8 c:/ctools/gnu_arm_toolchain/12.2_mpacbti-rel1/bin/../lib/gcc/arm-none-eabi/12.2.1/thumb/v7e-m/nofp\libg.a(libc_a-strlen.o)
                0x08000440                strlen
 *fill*         0x08000518        0x8 
 .text          0x08000520       0xa0 c:/ctools/gnu_arm_toolchain/12.2_mpacbti-rel1/bin/../lib/gcc/arm-none-eabi/12.2.1/thumb/v7e-m/nofp\libg.a(libc_a-memchr.o)
                0x08000520                memchr
 .text          0x080005c0      0x134 c:/ctools/gnu_arm_toolchain/12.2_mpacbti-rel1/bin/../lib/gcc/arm-none-eabi/12.2.1/thumb/v7e-m/nofp\libg.a(libc_a-memcpy.o)
                0x080005c0                memcpy
 .text          0x080006f4      0x378 c:/ctools/gnu_arm_toolchain/12.2_mpacbti-rel1/bin/../lib/gcc/arm-none-eabi/12.2.1/thumb/v7e-m/nofp\libgcc.a(_arm_addsubdf3.o)
                0x080006f4                __aeabi_drsub
                0x080006fc                __aeabi_dsub
                0x080006fc                __subdf3
                0x08000700                __aeabi_dadd
                0x08000700                __adddf3
                0x08000978                __floatunsidf
                0x08000978                __aeabi_ui2d
                0x08000998                __floatsidf
                0x08000998                __aeabi_i2d
                0x080009bc                __aeabi_f2d
                0x080009bc                __extendsfdf2
                0x08000a00                __floatundidf
                0x08000a00                __aeabi_ul2d
                0x08000a10                __floatdidf
                0x08000a10                __aeabi_l2d
 .text          0x08000a6c      0x424 c:/ctools/gnu_arm_toolchain/12.2_mpacbti-rel1/bin/../lib/gcc/arm-none-eabi/12.2.1/thumb/v7e-m/nofp\libgcc.a(_arm_muldivdf3.o)
                0x08000a6c                __aeabi_dmul
                0x08000a6c                __muldf3
                0x08000cc0                __divdf3
                0x08000cc0                __aeabi_ddiv
 .text          0x08000e90      0x110 c:/ctools/gnu_arm_toolchain/12.2_mpacbti-rel1/bin/../lib/gcc/arm-none-eabi/12.2.1/thumb/v7e-m/nofp\libgcc.a(_arm_cmpdf2.o)
                0x08000e90                __gtdf2
                0x08000e90                __gedf2
                0x08000e98                __ltdf2
                0x08000e98                __ledf2
                0x08000ea0                __nedf2
                0x08000ea0                __eqdf2
                0x08000ea0                __cmpdf2
                0x08000f1c                __aeabi_cdrcmple
                0x08000f2c                __aeabi_cdcmpeq
                0x08000f2c                __aeabi_cdcmple
                0x08000f3c                __aeabi_dcmpeq
                0x08000f50                __aeabi_dcmplt
                0x08000f64                __aeabi_dcmple
                0x08000f78                __aeabi_dcmpge
                0x08000f8c                __aeabi_dcmpgt
 .text          0x08000fa0       0x2c c:/ctools/gnu_arm_toolchain/12.2_mpacbti-rel1/bin/../lib/gcc/arm-none-eabi/12.2.1/thumb/v7e-m/nofp\libgcc.a(_arm_unorddf2.o)
                0x08000fa0                __unorddf2
                0x08000fa0                __aeabi_dcmpun
 .text          0x08000fcc       0x50 c:/ctools/gnu_arm_toolchain/12.2_mpacbti-rel1/bin/../lib/gcc/arm-none-eabi/12.2.1/thumb/v7e-m/nofp\libgcc.a(_arm_fixdfsi.o)
                0x08000fcc                __aeabi_d2iz
                0x08000fcc                __fixdfsi
 *(.text*)
 .text.deregister_tm_clones
                0x0800101c       0x1c c:/ctools/gnu_arm_toolchain/12.2_mpacbti-rel1/bin/../lib/gcc/arm-none-eabi/12.2.1/thumb/v7e-m/nofp/crtbegin.o
 .text.register_tm_clones
                0x08001038       0x24 c:/ctools/gnu_arm_toolchain/12.2_mpacbti-rel1/bin/../lib/gcc/arm-none-eabi/12.2.1/thumb/v7e-m/nofp/crtbegin.o
 .text.__do_global_dtors_aux
                0x0800105c       0x28 c:/ctools/gnu_arm_toolchain/12.2_mpacbti-rel1/bin/../lib/gcc/arm-none-eabi/12.2.1/thumb/v7e-m/nofp/crtbegin.o
 .text.frame_dummy
                0x08001084       0x24 c:/ctools/gnu_arm_toolchain/12.2_mpacbti-rel1/bin/../lib/gcc/arm-none-eabi/12.2.1/thumb/v7e-m/nofp/crtbegin.o
 .text.MX_GPIO_Init
                0x080010a8       0xc0 CMakeFiles/uart3.elf.dir/Core/Src/main.c.obj
 .text.Error    0x08001168       0x14 CMakeFiles/uart3.elf.dir/Core/Src/main.c.obj
                0x08001168                Error
 .text.Success  0x0800117c       0x14 CMakeFiles/uart3.elf.dir/Core/Src/main.c.obj
                0x0800117c                Success
 .text.I2C_Read
                0x08001190       0x40 CMakeFiles/uart3.elf.dir/Core/Src/main.c.obj
 .text.I2C_Write
                0x080011d0       0x38 CMakeFiles/uart3.elf.dir/Core/Src/main.c.obj
 .text.SPIx_WriteRead
                0x08001208       0x40 CMakeFiles/uart3.elf.dir/Core/Src/main.c.obj
 .text.I2C_ReadID
                0x08001248        0xc CMakeFiles/uart3.elf.dir/Core/Src/main.c.obj
                0x08001248                I2C_ReadID
 .text.Accel_Ini
                0x08001254       0x2c CMakeFiles/uart3.elf.dir/Core/Src/main.c.obj
                0x08001254                Accel_Ini
 .text.Accel_GetXYZ
                0x08001280       0x80 CMakeFiles/uart3.elf.dir/Core/Src/main.c.obj
                0x08001280                Accel_GetXYZ
 .text.Mag_Ini  0x08001300       0x34 CMakeFiles/uart3.elf.dir/Core/Src/main.c.obj
                0x08001300                Mag_Ini
 .text.Mag_GetXYZ
                0x08001334       0x7e CMakeFiles/uart3.elf.dir/Core/Src/main.c.obj
                0x08001334                Mag_GetXYZ
 *fill*         0x080013b2        0x2 
 .text.Gyro_IO_Read
                0x080013b4       0x48 CMakeFiles/uart3.elf.dir/Core/Src/main.c.obj
                0x080013b4                Gyro_IO_Read
 .text.Gyro_IO_Write
                0x080013fc       0x4c CMakeFiles/uart3.elf.dir/Core/Src/main.c.obj
                0x080013fc                Gyro_IO_Write
 .text.Gyro_ReadID
                0x08001448       0x20 CMakeFiles/uart3.elf.dir/Core/Src/main.c.obj
                0x08001448                Gyro_ReadID
 .text.Gyro_Ini
                0x08001468       0x7c CMakeFiles/uart3.elf.dir/Core/Src/main.c.obj
                0x08001468                Gyro_Ini
 .text.Gyro_GetXYZ
                0x080014e4       0x7c CMakeFiles/uart3.elf.dir/Core/Src/main.c.obj
                0x080014e4                Gyro_GetXYZ
 .text.Error_Handler
                0x08001560        0x4 CMakeFiles/uart3.elf.dir/Core/Src/main.c.obj
                0x08001560                Error_Handler
 .text.MX_I2C1_Init
                0x08001564       0x54 CMakeFiles/uart3.elf.dir/Core/Src/main.c.obj
 .text.MX_SPI1_Init
                0x080015b8       0x4c CMakeFiles/uart3.elf.dir/Core/Src/main.c.obj
 .text.MX_USART2_UART_Init
                0x08001604       0x38 CMakeFiles/uart3.elf.dir/Core/Src/main.c.obj
 .text.MX_USB_PCD_Init
                0x0800163c       0x2c CMakeFiles/uart3.elf.dir/Core/Src/main.c.obj
 .text.SystemClock_Config
                0x08001668       0x90 CMakeFiles/uart3.elf.dir/Core/Src/main.c.obj
                0x08001668                SystemClock_Config
 .text.main     0x080016f8       0xb4 CMakeFiles/uart3.elf.dir/Core/Src/main.c.obj
                0x080016f8                main
 .text.HAL_MspInit
                0x080017ac       0x3c CMakeFiles/uart3.elf.dir/Core/Src/stm32f3xx_hal_msp.c.obj
                0x080017ac                HAL_MspInit
 .text.HAL_I2C_MspInit
                0x080017e8       0x6c CMakeFiles/uart3.elf.dir/Core/Src/stm32f3xx_hal_msp.c.obj
                0x080017e8                HAL_I2C_MspInit
 .text.HAL_SPI_MspInit
                0x08001854       0x68 CMakeFiles/uart3.elf.dir/Core/Src/stm32f3xx_hal_msp.c.obj
                0x08001854                HAL_SPI_MspInit
 .text.HAL_UART_MspInit
                0x080018bc       0x68 CMakeFiles/uart3.elf.dir/Core/Src/stm32f3xx_hal_msp.c.obj
                0x080018bc                HAL_UART_MspInit
 .text.HAL_PCD_MspInit
                0x08001924       0x68 CMakeFiles/uart3.elf.dir/Core/Src/stm32f3xx_hal_msp.c.obj
                0x08001924                HAL_PCD_MspInit
 .text.NMI_Handler
                0x0800198c        0x2 CMakeFiles/uart3.elf.dir/Core/Src/stm32f3xx_it.c.obj
                0x0800198c                NMI_Handler
 .text.HardFault_Handler
                0x0800198e        0x2 CMakeFiles/uart3.elf.dir/Core/Src/stm32f3xx_it.c.obj
                0x0800198e                HardFault_Handler
 .text.MemManage_Handler
                0x08001990        0x2 CMakeFiles/uart3.elf.dir/Core/Src/stm32f3xx_it.c.obj
                0x08001990                MemManage_Handler
 .text.BusFault_Handler
                0x08001992        0x2 CMakeFiles/uart3.elf.dir/Core/Src/stm32f3xx_it.c.obj
                0x08001992                BusFault_Handler
 .text.UsageFault_Handler
                0x08001994        0x2 CMakeFiles/uart3.elf.dir/Core/Src/stm32f3xx_it.c.obj
                0x08001994                UsageFault_Handler
 .text.SVC_Handler
                0x08001996        0x2 CMakeFiles/uart3.elf.dir/Core/Src/stm32f3xx_it.c.obj
                0x08001996                SVC_Handler
 .text.DebugMon_Handler
                0x08001998        0x2 CMakeFiles/uart3.elf.dir/Core/Src/stm32f3xx_it.c.obj
                0x08001998                DebugMon_Handler
 .text.PendSV_Handler
                0x0800199a        0x2 CMakeFiles/uart3.elf.dir/Core/Src/stm32f3xx_it.c.obj
                0x0800199a                PendSV_Handler
 .text.SysTick_Handler
                0x0800199c        0x8 CMakeFiles/uart3.elf.dir/Core/Src/stm32f3xx_it.c.obj
                0x0800199c                SysTick_Handler
 .text._getpid  0x080019a4        0x4 CMakeFiles/uart3.elf.dir/Core/Src/syscalls.c.obj
                0x080019a4                _getpid
 .text._kill    0x080019a8       0x10 CMakeFiles/uart3.elf.dir/Core/Src/syscalls.c.obj
                0x080019a8                _kill
 .text._exit    0x080019b8        0xc CMakeFiles/uart3.elf.dir/Core/Src/syscalls.c.obj
                0x080019b8                _exit
 .text._read    0x080019c4       0x20 CMakeFiles/uart3.elf.dir/Core/Src/syscalls.c.obj
                0x080019c4                _read
 .text._write   0x080019e4       0x1c CMakeFiles/uart3.elf.dir/Core/Src/syscalls.c.obj
                0x080019e4                _write
 .text._close   0x08001a00        0x6 CMakeFiles/uart3.elf.dir/Core/Src/syscalls.c.obj
                0x08001a00                _close
 .text._fstat   0x08001a06        0xa CMakeFiles/uart3.elf.dir/Core/Src/syscalls.c.obj
                0x08001a06                _fstat
 .text._isatty  0x08001a10        0x4 CMakeFiles/uart3.elf.dir/Core/Src/syscalls.c.obj
                0x08001a10                _isatty
 .text._lseek   0x08001a14        0x4 CMakeFiles/uart3.elf.dir/Core/Src/syscalls.c.obj
                0x08001a14                _lseek
 .text._sbrk    0x08001a18       0x48 CMakeFiles/uart3.elf.dir/Core/Src/sysmem.c.obj
                0x08001a18                _sbrk
 .text.SystemInit
                0x08001a60        0x2 CMakeFiles/uart3.elf.dir/Core/Src/system_stm32f3xx.c.obj
                0x08001a60                SystemInit
 *fill*         0x08001a62        0x2 
 .text.Reset_Handler
                0x08001a64       0x50 CMakeFiles/uart3.elf.dir/Core/Startup/startup_stm32f303vctx.s.obj
                0x08001a64                Reset_Handler
 .text.Default_Handler
                0x08001ab4        0x2 CMakeFiles/uart3.elf.dir/Core/Startup/startup_stm32f303vctx.s.obj
                0x08001ab4                RTC_Alarm_IRQHandler
                0x08001ab4                TIM8_TRG_COM_IRQHandler
                0x08001ab4                TIM8_CC_IRQHandler
                0x08001ab4                TIM1_CC_IRQHandler
                0x08001ab4                USB_HP_IRQHandler
                0x08001ab4                PVD_IRQHandler
                0x08001ab4                TAMP_STAMP_IRQHandler
                0x08001ab4                EXTI3_IRQHandler
                0x08001ab4                USB_HP_CAN_TX_IRQHandler
                0x08001ab4                EXTI0_IRQHandler
                0x08001ab4                I2C2_EV_IRQHandler
                0x08001ab4                FPU_IRQHandler
                0x08001ab4                TIM1_UP_TIM16_IRQHandler
                0x08001ab4                ADC1_2_IRQHandler
                0x08001ab4                SPI1_IRQHandler
                0x08001ab4                CAN_SCE_IRQHandler
                0x08001ab4                TIM6_DAC_IRQHandler
                0x08001ab4                TIM8_UP_IRQHandler
                0x08001ab4                DMA2_Channel2_IRQHandler
                0x08001ab4                DMA1_Channel4_IRQHandler
                0x08001ab4                USART3_IRQHandler
                0x08001ab4                DMA1_Channel7_IRQHandler
                0x08001ab4                UART5_IRQHandler
                0x08001ab4                ADC3_IRQHandler
                0x08001ab4                TIM4_IRQHandler
                0x08001ab4                CAN_RX1_IRQHandler
                0x08001ab4                DMA2_Channel1_IRQHandler
                0x08001ab4                I2C1_EV_IRQHandler
                0x08001ab4                DMA1_Channel6_IRQHandler
                0x08001ab4                UART4_IRQHandler
                0x08001ab4                DMA2_Channel4_IRQHandler
                0x08001ab4                TIM3_IRQHandler
                0x08001ab4                RCC_IRQHandler
                0x08001ab4                DMA1_Channel1_IRQHandler
                0x08001ab4                Default_Handler
                0x08001ab4                USBWakeUp_RMP_IRQHandler
                0x08001ab4                EXTI15_10_IRQHandler
                0x08001ab4                TIM7_IRQHandler
                0x08001ab4                EXTI9_5_IRQHandler
                0x08001ab4                RTC_WKUP_IRQHandler
                0x08001ab4                SPI2_IRQHandler
                0x08001ab4                USB_LP_CAN_RX0_IRQHandler
                0x08001ab4                DMA2_Channel5_IRQHandler
                0x08001ab4                DMA1_Channel5_IRQHandler
                0x08001ab4                USB_LP_IRQHandler
                0x08001ab4                EXTI4_IRQHandler
                0x08001ab4                TIM1_TRG_COM_TIM17_IRQHandler
                0x08001ab4                DMA1_Channel3_IRQHandler
                0x08001ab4                ADC4_IRQHandler
                0x08001ab4                WWDG_IRQHandler
                0x08001ab4                TIM2_IRQHandler
                0x08001ab4                COMP7_IRQHandler
                0x08001ab4                COMP1_2_3_IRQHandler
                0x08001ab4                EXTI1_IRQHandler
                0x08001ab4                USART2_IRQHandler
                0x08001ab4                COMP4_5_6_IRQHandler
                0x08001ab4                I2C2_ER_IRQHandler
                0x08001ab4                DMA1_Channel2_IRQHandler
                0x08001ab4                TIM8_BRK_IRQHandler
                0x08001ab4                FLASH_IRQHandler
                0x08001ab4                USART1_IRQHandler
                0x08001ab4                SPI3_IRQHandler
                0x08001ab4                I2C1_ER_IRQHandler
                0x08001ab4                USBWakeUp_IRQHandler
                0x08001ab4                DMA2_Channel3_IRQHandler
                0x08001ab4                EXTI2_TSC_IRQHandler
                0x08001ab4                TIM1_BRK_TIM15_IRQHandler
 *fill*         0x08001ab6        0x2 
 .text.HAL_InitTick
                0x08001ab8       0x4c CMakeFiles/uart3.elf.dir/Drivers/STM32F3xx_HAL_Driver/Src/stm32f3xx_hal.c.obj
                0x08001ab8                HAL_InitTick
 .text.HAL_Init
                0x08001b04       0x24 CMakeFiles/uart3.elf.dir/Drivers/STM32F3xx_HAL_Driver/Src/stm32f3xx_hal.c.obj
                0x08001b04                HAL_Init
 .text.HAL_IncTick
                0x08001b28       0x18 CMakeFiles/uart3.elf.dir/Drivers/STM32F3xx_HAL_Driver/Src/stm32f3xx_hal.c.obj
                0x08001b28                HAL_IncTick
 .text.HAL_GetTick
                0x08001b40        0xc CMakeFiles/uart3.elf.dir/Drivers/STM32F3xx_HAL_Driver/Src/stm32f3xx_hal.c.obj
                0x08001b40                HAL_GetTick
 .text.HAL_Delay
                0x08001b4c       0x28 CMakeFiles/uart3.elf.dir/Drivers/STM32F3xx_HAL_Driver/Src/stm32f3xx_hal.c.obj
                0x08001b4c                HAL_Delay
 .text.__NVIC_SetPriority
                0x08001b74       0x28 CMakeFiles/uart3.elf.dir/Drivers/STM32F3xx_HAL_Driver/Src/stm32f3xx_hal_cortex.c.obj
 .text.NVIC_EncodePriority
                0x08001b9c       0x3e CMakeFiles/uart3.elf.dir/Drivers/STM32F3xx_HAL_Driver/Src/stm32f3xx_hal_cortex.c.obj
 *fill*         0x08001bda        0x2 
 .text.HAL_NVIC_SetPriorityGrouping
                0x08001bdc       0x24 CMakeFiles/uart3.elf.dir/Drivers/STM32F3xx_HAL_Driver/Src/stm32f3xx_hal_cortex.c.obj
                0x08001bdc                HAL_NVIC_SetPriorityGrouping
 .text.HAL_NVIC_SetPriority
                0x08001c00       0x20 CMakeFiles/uart3.elf.dir/Drivers/STM32F3xx_HAL_Driver/Src/stm32f3xx_hal_cortex.c.obj
                0x08001c00                HAL_NVIC_SetPriority
 .text.HAL_SYSTICK_Config
                0x08001c20       0x28 CMakeFiles/uart3.elf.dir/Drivers/STM32F3xx_HAL_Driver/Src/stm32f3xx_hal_cortex.c.obj
                0x08001c20                HAL_SYSTICK_Config
 .text.HAL_GPIO_Init
                0x08001c48      0x1d0 CMakeFiles/uart3.elf.dir/Drivers/STM32F3xx_HAL_Driver/Src/stm32f3xx_hal_gpio.c.obj
                0x08001c48                HAL_GPIO_Init
 .text.HAL_GPIO_WritePin
                0x08001e18        0xa CMakeFiles/uart3.elf.dir/Drivers/STM32F3xx_HAL_Driver/Src/stm32f3xx_hal_gpio.c.obj
                0x08001e18                HAL_GPIO_WritePin
 .text.I2C_Flush_TXDR
                0x08001e22       0x22 CMakeFiles/uart3.elf.dir/Drivers/STM32F3xx_HAL_Driver/Src/stm32f3xx_hal_i2c.c.obj
 .text.I2C_TransferConfig
                0x08001e44       0x3a CMakeFiles/uart3.elf.dir/Drivers/STM32F3xx_HAL_Driver/Src/stm32f3xx_hal_i2c.c.obj
 .text.I2C_IsErrorOccurred
                0x08001e7e      0x114 CMakeFiles/uart3.elf.dir/Drivers/STM32F3xx_HAL_Driver/Src/stm32f3xx_hal_i2c.c.obj
 .text.I2C_WaitOnTXISFlagUntilTimeout
                0x08001f92       0x60 CMakeFiles/uart3.elf.dir/Drivers/STM32F3xx_HAL_Driver/Src/stm32f3xx_hal_i2c.c.obj
 .text.I2C_WaitOnFlagUntilTimeout
                0x08001ff2       0x6a CMakeFiles/uart3.elf.dir/Drivers/STM32F3xx_HAL_Driver/Src/stm32f3xx_hal_i2c.c.obj
 .text.I2C_RequestMemoryWrite
                0x0800205c       0x7c CMakeFiles/uart3.elf.dir/Drivers/STM32F3xx_HAL_Driver/Src/stm32f3xx_hal_i2c.c.obj
 .text.I2C_RequestMemoryRead
                0x080020d8       0x78 CMakeFiles/uart3.elf.dir/Drivers/STM32F3xx_HAL_Driver/Src/stm32f3xx_hal_i2c.c.obj
 .text.I2C_WaitOnSTOPFlagUntilTimeout
                0x08002150       0x5e CMakeFiles/uart3.elf.dir/Drivers/STM32F3xx_HAL_Driver/Src/stm32f3xx_hal_i2c.c.obj
 .text.HAL_I2C_Init
                0x080021ae       0xbc CMakeFiles/uart3.elf.dir/Drivers/STM32F3xx_HAL_Driver/Src/stm32f3xx_hal_i2c.c.obj
                0x080021ae                HAL_I2C_Init
 .text.HAL_I2C_Mem_Write
                0x0800226a      0x1a8 CMakeFiles/uart3.elf.dir/Drivers/STM32F3xx_HAL_Driver/Src/stm32f3xx_hal_i2c.c.obj
                0x0800226a                HAL_I2C_Mem_Write
 *fill*         0x08002412        0x2 
 .text.HAL_I2C_Mem_Read
                0x08002414      0x1b0 CMakeFiles/uart3.elf.dir/Drivers/STM32F3xx_HAL_Driver/Src/stm32f3xx_hal_i2c.c.obj
                0x08002414                HAL_I2C_Mem_Read
 .text.HAL_I2CEx_ConfigAnalogFilter
                0x080025c4       0x5c CMakeFiles/uart3.elf.dir/Drivers/STM32F3xx_HAL_Driver/Src/stm32f3xx_hal_i2c_ex.c.obj
                0x080025c4                HAL_I2CEx_ConfigAnalogFilter
 .text.HAL_I2CEx_ConfigDigitalFilter
                0x08002620       0x58 CMakeFiles/uart3.elf.dir/Drivers/STM32F3xx_HAL_Driver/Src/stm32f3xx_hal_i2c_ex.c.obj
                0x08002620                HAL_I2CEx_ConfigDigitalFilter
 .text.HAL_PCD_Init
                0x08002678       0xca CMakeFiles/uart3.elf.dir/Drivers/STM32F3xx_HAL_Driver/Src/stm32f3xx_hal_pcd.c.obj
                0x08002678                HAL_PCD_Init
 *fill*         0x08002742        0x2 
 .text.HAL_RCC_OscConfig
                0x08002744      0x630 CMakeFiles/uart3.elf.dir/Drivers/STM32F3xx_HAL_Driver/Src/stm32f3xx_hal_rcc.c.obj
                0x08002744                HAL_RCC_OscConfig
 .text.HAL_RCC_GetSysClockFreq
                0x08002d74       0x70 CMakeFiles/uart3.elf.dir/Drivers/STM32F3xx_HAL_Driver/Src/stm32f3xx_hal_rcc.c.obj
                0x08002d74                HAL_RCC_GetSysClockFreq
 .text.HAL_RCC_ClockConfig
                0x08002de4      0x1a8 CMakeFiles/uart3.elf.dir/Drivers/STM32F3xx_HAL_Driver/Src/stm32f3xx_hal_rcc.c.obj
                0x08002de4                HAL_RCC_ClockConfig
 .text.HAL_RCC_GetHCLKFreq
                0x08002f8c        0xc CMakeFiles/uart3.elf.dir/Drivers/STM32F3xx_HAL_Driver/Src/stm32f3xx_hal_rcc.c.obj
                0x08002f8c                HAL_RCC_GetHCLKFreq
 .text.HAL_RCC_GetPCLK1Freq
                0x08002f98       0x2c CMakeFiles/uart3.elf.dir/Drivers/STM32F3xx_HAL_Driver/Src/stm32f3xx_hal_rcc.c.obj
                0x08002f98                HAL_RCC_GetPCLK1Freq
 .text.HAL_RCC_GetPCLK2Freq
                0x08002fc4       0x2c CMakeFiles/uart3.elf.dir/Drivers/STM32F3xx_HAL_Driver/Src/stm32f3xx_hal_rcc.c.obj
                0x08002fc4                HAL_RCC_GetPCLK2Freq
 .text.HAL_RCCEx_PeriphCLKConfig
                0x08002ff0      0x260 CMakeFiles/uart3.elf.dir/Drivers/STM32F3xx_HAL_Driver/Src/stm32f3xx_hal_rcc_ex.c.obj
                0x08002ff0                HAL_RCCEx_PeriphCLKConfig
 .text.SPI_WaitFlagStateUntilTimeout
                0x08003250       0xc8 CMakeFiles/uart3.elf.dir/Drivers/STM32F3xx_HAL_Driver/Src/stm32f3xx_hal_spi.c.obj
 .text.SPI_WaitFifoStateUntilTimeout
                0x08003318       0xf0 CMakeFiles/uart3.elf.dir/Drivers/STM32F3xx_HAL_Driver/Src/stm32f3xx_hal_spi.c.obj
 .text.SPI_EndRxTxTransaction
                0x08003408       0x62 CMakeFiles/uart3.elf.dir/Drivers/STM32F3xx_HAL_Driver/Src/stm32f3xx_hal_spi.c.obj
 .text.HAL_SPI_Init
                0x0800346a       0xe8 CMakeFiles/uart3.elf.dir/Drivers/STM32F3xx_HAL_Driver/Src/stm32f3xx_hal_spi.c.obj
                0x0800346a                HAL_SPI_Init
 .text.HAL_SPI_TransmitReceive
                0x08003552      0x2ec CMakeFiles/uart3.elf.dir/Drivers/STM32F3xx_HAL_Driver/Src/stm32f3xx_hal_spi.c.obj
                0x08003552                HAL_SPI_TransmitReceive
 .text.UART_EndRxTransfer
                0x0800383e       0x52 CMakeFiles/uart3.elf.dir/Drivers/STM32F3xx_HAL_Driver/Src/stm32f3xx_hal_uart.c.obj
 .text.UART_SetConfig
                0x08003890      0x250 CMakeFiles/uart3.elf.dir/Drivers/STM32F3xx_HAL_Driver/Src/stm32f3xx_hal_uart.c.obj
                0x08003890                UART_SetConfig
 .text.UART_AdvFeatureConfig
                0x08003ae0       0xca CMakeFiles/uart3.elf.dir/Drivers/STM32F3xx_HAL_Driver/Src/stm32f3xx_hal_uart.c.obj
                0x08003ae0                UART_AdvFeatureConfig
 .text.UART_WaitOnFlagUntilTimeout
                0x08003baa       0x96 CMakeFiles/uart3.elf.dir/Drivers/STM32F3xx_HAL_Driver/Src/stm32f3xx_hal_uart.c.obj
                0x08003baa                UART_WaitOnFlagUntilTimeout
 .text.HAL_UART_Transmit
                0x08003c40       0xc8 CMakeFiles/uart3.elf.dir/Drivers/STM32F3xx_HAL_Driver/Src/stm32f3xx_hal_uart.c.obj
                0x08003c40                HAL_UART_Transmit
 .text.UART_CheckIdleState
                0x08003d08       0xc6 CMakeFiles/uart3.elf.dir/Drivers/STM32F3xx_HAL_Driver/Src/stm32f3xx_hal_uart.c.obj
                0x08003d08                UART_CheckIdleState
 .text.HAL_UART_Init
                0x08003dce       0x62 CMakeFiles/uart3.elf.dir/Drivers/STM32F3xx_HAL_Driver/Src/stm32f3xx_hal_uart.c.obj
                0x08003dce                HAL_UART_Init
 .text.USB_DisableGlobalInt
                0x08003e30       0x14 CMakeFiles/uart3.elf.dir/Drivers/STM32F3xx_HAL_Driver/Src/stm32f3xx_ll_usb.c.obj
                0x08003e30                USB_DisableGlobalInt
 .text.USB_DevInit
                0x08003e44       0x22 CMakeFiles/uart3.elf.dir/Drivers/STM32F3xx_HAL_Driver/Src/stm32f3xx_ll_usb.c.obj
                0x08003e44                USB_DevInit
 *fill*         0x08003e66        0x2 
 .text.stdio_exit_handler
                0x08003e68       0x18 c:/ctools/gnu_arm_toolchain/12.2_mpacbti-rel1/bin/../lib/gcc/arm-none-eabi/12.2.1/thumb/v7e-m/nofp\libg.a(libc_a-findfp.o)
 .text.cleanup_stdio
                0x08003e80       0x40 c:/ctools/gnu_arm_toolchain/12.2_mpacbti-rel1/bin/../lib/gcc/arm-none-eabi/12.2.1/thumb/v7e-m/nofp\libg.a(libc_a-findfp.o)
 .text.global_stdio_init.part.0
                0x08003ec0       0xf0 c:/ctools/gnu_arm_toolchain/12.2_mpacbti-rel1/bin/../lib/gcc/arm-none-eabi/12.2.1/thumb/v7e-m/nofp\libg.a(libc_a-findfp.o)
 .text.__sinit  0x08003fb0       0x3c c:/ctools/gnu_arm_toolchain/12.2_mpacbti-rel1/bin/../lib/gcc/arm-none-eabi/12.2.1/thumb/v7e-m/nofp\libg.a(libc_a-findfp.o)
                0x08003fb0                __sinit
 .text.__sfp_lock_acquire
                0x08003fec        0xc c:/ctools/gnu_arm_toolchain/12.2_mpacbti-rel1/bin/../lib/gcc/arm-none-eabi/12.2.1/thumb/v7e-m/nofp\libg.a(libc_a-findfp.o)
                0x08003fec                __sfp_lock_acquire
 .text.__sfp_lock_release
                0x08003ff8        0xc c:/ctools/gnu_arm_toolchain/12.2_mpacbti-rel1/bin/../lib/gcc/arm-none-eabi/12.2.1/thumb/v7e-m/nofp\libg.a(libc_a-findfp.o)
                0x08003ff8                __sfp_lock_release
 .text._fwalk_sglue
                0x08004004       0x48 c:/ctools/gnu_arm_toolchain/12.2_mpacbti-rel1/bin/../lib/gcc/arm-none-eabi/12.2.1/thumb/v7e-m/nofp\libg.a(libc_a-fwalk.o)
                0x08004004                _fwalk_sglue
 .text.sprintf  0x0800404c       0x40 c:/ctools/gnu_arm_toolchain/12.2_mpacbti-rel1/bin/../lib/gcc/arm-none-eabi/12.2.1/thumb/v7e-m/nofp\libg.a(libc_a-sprintf.o)
                0x0800404c                sprintf
 .text.__sread  0x0800408c       0x24 c:/ctools/gnu_arm_toolchain/12.2_mpacbti-rel1/bin/../lib/gcc/arm-none-eabi/12.2.1/thumb/v7e-m/nofp\libg.a(libc_a-stdio.o)
                0x0800408c                __sread
 .text.__swrite
                0x080040b0       0x40 c:/ctools/gnu_arm_toolchain/12.2_mpacbti-rel1/bin/../lib/gcc/arm-none-eabi/12.2.1/thumb/v7e-m/nofp\libg.a(libc_a-stdio.o)
                0x080040b0                __swrite
 .text.__sseek  0x080040f0       0x24 c:/ctools/gnu_arm_toolchain/12.2_mpacbti-rel1/bin/../lib/gcc/arm-none-eabi/12.2.1/thumb/v7e-m/nofp\libg.a(libc_a-stdio.o)
                0x080040f0                __sseek
 .text.__sclose
                0x08004114        0x8 c:/ctools/gnu_arm_toolchain/12.2_mpacbti-rel1/bin/../lib/gcc/arm-none-eabi/12.2.1/thumb/v7e-m/nofp\libg.a(libc_a-stdio.o)
                0x08004114                __sclose
 .text.memset   0x0800411c       0xa4 c:/ctools/gnu_arm_toolchain/12.2_mpacbti-rel1/bin/../lib/gcc/arm-none-eabi/12.2.1/thumb/v7e-m/nofp\libg.a(libc_a-memset.o)
                0x0800411c                memset
 .text._close_r
                0x080041c0       0x24 c:/ctools/gnu_arm_toolchain/12.2_mpacbti-rel1/bin/../lib/gcc/arm-none-eabi/12.2.1/thumb/v7e-m/nofp\libg.a(libc_a-closer.o)
                0x080041c0                _close_r
 .text._lseek_r
                0x080041e4       0x2c c:/ctools/gnu_arm_toolchain/12.2_mpacbti-rel1/bin/../lib/gcc/arm-none-eabi/12.2.1/thumb/v7e-m/nofp\libg.a(libc_a-lseekr.o)
                0x080041e4                _lseek_r
 .text._read_r  0x08004210       0x2c c:/ctools/gnu_arm_toolchain/12.2_mpacbti-rel1/bin/../lib/gcc/arm-none-eabi/12.2.1/thumb/v7e-m/nofp\libg.a(libc_a-readr.o)
                0x08004210                _read_r
 .text._write_r
                0x0800423c       0x2c c:/ctools/gnu_arm_toolchain/12.2_mpacbti-rel1/bin/../lib/gcc/arm-none-eabi/12.2.1/thumb/v7e-m/nofp\libg.a(libc_a-writer.o)
                0x0800423c                _write_r
 .text.__errno  0x08004268        0xc c:/ctools/gnu_arm_toolchain/12.2_mpacbti-rel1/bin/../lib/gcc/arm-none-eabi/12.2.1/thumb/v7e-m/nofp\libg.a(libc_a-errno.o)
                0x08004268                __errno
 .text.__libc_init_array
                0x08004274       0x50 c:/ctools/gnu_arm_toolchain/12.2_mpacbti-rel1/bin/../lib/gcc/arm-none-eabi/12.2.1/thumb/v7e-m/nofp\libg.a(libc_a-init.o)
                0x08004274                __libc_init_array
 .text.__retarget_lock_init_recursive
                0x080042c4        0x4 c:/ctools/gnu_arm_toolchain/12.2_mpacbti-rel1/bin/../lib/gcc/arm-none-eabi/12.2.1/thumb/v7e-m/nofp\libg.a(libc_a-lock.o)
                0x080042c4                __retarget_lock_init_recursive
 .text.__retarget_lock_close_recursive
                0x080042c8        0x4 c:/ctools/gnu_arm_toolchain/12.2_mpacbti-rel1/bin/../lib/gcc/arm-none-eabi/12.2.1/thumb/v7e-m/nofp\libg.a(libc_a-lock.o)
                0x080042c8                __retarget_lock_close_recursive
 .text.__retarget_lock_acquire_recursive
                0x080042cc        0x4 c:/ctools/gnu_arm_toolchain/12.2_mpacbti-rel1/bin/../lib/gcc/arm-none-eabi/12.2.1/thumb/v7e-m/nofp\libg.a(libc_a-lock.o)
                0x080042cc                __retarget_lock_acquire_recursive
 .text.__retarget_lock_release_recursive
                0x080042d0        0x4 c:/ctools/gnu_arm_toolchain/12.2_mpacbti-rel1/bin/../lib/gcc/arm-none-eabi/12.2.1/thumb/v7e-m/nofp\libg.a(libc_a-lock.o)
                0x080042d0                __retarget_lock_release_recursive
 .text.startup.register_fini
                0x080042d4       0x14 c:/ctools/gnu_arm_toolchain/12.2_mpacbti-rel1/bin/../lib/gcc/arm-none-eabi/12.2.1/thumb/v7e-m/nofp\libg.a(libc_a-__call_atexit.o)
 .text.atexit   0x080042e8        0xc c:/ctools/gnu_arm_toolchain/12.2_mpacbti-rel1/bin/../lib/gcc/arm-none-eabi/12.2.1/thumb/v7e-m/nofp\libg.a(libc_a-atexit.o)
                0x080042e8                atexit
 .text._malloc_trim_r
                0x080042f4       0xb8 c:/ctools/gnu_arm_toolchain/12.2_mpacbti-rel1/bin/../lib/gcc/arm-none-eabi/12.2.1/thumb/v7e-m/nofp\libg.a(libc_a-freer.o)
                0x080042f4                _malloc_trim_r
 .text._free_r  0x080043ac      0x1fc c:/ctools/gnu_arm_toolchain/12.2_mpacbti-rel1/bin/../lib/gcc/arm-none-eabi/12.2.1/thumb/v7e-m/nofp\libg.a(libc_a-freer.o)
                0x080043ac                _free_r
 .text._malloc_r
                0x080045a8      0x574 c:/ctools/gnu_arm_toolchain/12.2_mpacbti-rel1/bin/../lib/gcc/arm-none-eabi/12.2.1/thumb/v7e-m/nofp\libg.a(libc_a-mallocr.o)
                0x080045a8                _malloc_r
 .text.__malloc_lock
                0x08004b1c        0xc c:/ctools/gnu_arm_toolchain/12.2_mpacbti-rel1/bin/../lib/gcc/arm-none-eabi/12.2.1/thumb/v7e-m/nofp\libg.a(libc_a-mlock.o)
                0x08004b1c                __malloc_lock
 .text.__malloc_unlock
                0x08004b28        0xc c:/ctools/gnu_arm_toolchain/12.2_mpacbti-rel1/bin/../lib/gcc/arm-none-eabi/12.2.1/thumb/v7e-m/nofp\libg.a(libc_a-mlock.o)
                0x08004b28                __malloc_unlock
 .text._svfprintf_r
                0x08004b34     0x1b98 c:/ctools/gnu_arm_toolchain/12.2_mpacbti-rel1/bin/../lib/gcc/arm-none-eabi/12.2.1/thumb/v7e-m/nofp\libg.a(libc_a-svfprintf.o)
                0x08004b34                _svfprintf_r
 .text._fclose_r
                0x080066cc       0xc0 c:/ctools/gnu_arm_toolchain/12.2_mpacbti-rel1/bin/../lib/gcc/arm-none-eabi/12.2.1/thumb/v7e-m/nofp\libg.a(libc_a-fclose.o)
                0x080066cc                _fclose_r
 .text.__sflush_r
                0x0800678c      0x128 c:/ctools/gnu_arm_toolchain/12.2_mpacbti-rel1/bin/../lib/gcc/arm-none-eabi/12.2.1/thumb/v7e-m/nofp\libg.a(libc_a-fflush.o)
                0x0800678c                __sflush_r
 .text._fflush_r
                0x080068b4       0x54 c:/ctools/gnu_arm_toolchain/12.2_mpacbti-rel1/bin/../lib/gcc/arm-none-eabi/12.2.1/thumb/v7e-m/nofp\libg.a(libc_a-fflush.o)
                0x080068b4                _fflush_r
 .text.strncpy  0x08006908       0x68 c:/ctools/gnu_arm_toolchain/12.2_mpacbti-rel1/bin/../lib/gcc/arm-none-eabi/12.2.1/thumb/v7e-m/nofp\libg.a(libc_a-strncpy.o)
                0x08006908                strncpy
 .text.__locale_mb_cur_max
                0x08006970        0xc c:/ctools/gnu_arm_toolchain/12.2_mpacbti-rel1/bin/../lib/gcc/arm-none-eabi/12.2.1/thumb/v7e-m/nofp\libg.a(libc_a-locale.o)
                0x08006970                __locale_mb_cur_max
 .text._localeconv_r
                0x0800697c        0x8 c:/ctools/gnu_arm_toolchain/12.2_mpacbti-rel1/bin/../lib/gcc/arm-none-eabi/12.2.1/thumb/v7e-m/nofp\libg.a(libc_a-localeconv.o)
                0x0800697c                _localeconv_r
 .text._sbrk_r  0x08006984       0x24 c:/ctools/gnu_arm_toolchain/12.2_mpacbti-rel1/bin/../lib/gcc/arm-none-eabi/12.2.1/thumb/v7e-m/nofp\libg.a(libc_a-sbrkr.o)
                0x08006984                _sbrk_r
 .text.__libc_fini_array
                0x080069a8       0x28 c:/ctools/gnu_arm_toolchain/12.2_mpacbti-rel1/bin/../lib/gcc/arm-none-eabi/12.2.1/thumb/v7e-m/nofp\libg.a(libc_a-fini.o)
                0x080069a8                __libc_fini_array
 .text.sysconf  0x080069d0       0x1c c:/ctools/gnu_arm_toolchain/12.2_mpacbti-rel1/bin/../lib/gcc/arm-none-eabi/12.2.1/thumb/v7e-m/nofp\libg.a(libc_a-sysconf.o)
                0x080069d0                sysconf
 .text.frexp    0x080069ec       0x70 c:/ctools/gnu_arm_toolchain/12.2_mpacbti-rel1/bin/../lib/gcc/arm-none-eabi/12.2.1/thumb/v7e-m/nofp\libg.a(libm_a-s_frexp.o)
                0x080069ec                frexp
 .text.__register_exitproc
                0x08006a5c       0x80 c:/ctools/gnu_arm_toolchain/12.2_mpacbti-rel1/bin/../lib/gcc/arm-none-eabi/12.2.1/thumb/v7e-m/nofp\libg.a(libc_a-__atexit.o)
                0x08006a5c                __register_exitproc
 .text.quorem   0x08006adc      0x12c c:/ctools/gnu_arm_toolchain/12.2_mpacbti-rel1/bin/../lib/gcc/arm-none-eabi/12.2.1/thumb/v7e-m/nofp\libg.a(libc_a-dtoa.o)
 .text._dtoa_r  0x08006c08      0xe48 c:/ctools/gnu_arm_toolchain/12.2_mpacbti-rel1/bin/../lib/gcc/arm-none-eabi/12.2.1/thumb/v7e-m/nofp\libg.a(libc_a-dtoa.o)
                0x08006c08                _dtoa_r
 .text.__ascii_mbtowc
                0x08007a50       0x2c c:/ctools/gnu_arm_toolchain/12.2_mpacbti-rel1/bin/../lib/gcc/arm-none-eabi/12.2.1/thumb/v7e-m/nofp\libg.a(libc_a-mbtowc_r.o)
                0x08007a50                __ascii_mbtowc
 .text._Balloc  0x08007a7c       0x4c c:/ctools/gnu_arm_toolchain/12.2_mpacbti-rel1/bin/../lib/gcc/arm-none-eabi/12.2.1/thumb/v7e-m/nofp\libg.a(libc_a-mprec.o)
                0x08007a7c                _Balloc
 .text._Bfree   0x08007ac8       0x14 c:/ctools/gnu_arm_toolchain/12.2_mpacbti-rel1/bin/../lib/gcc/arm-none-eabi/12.2.1/thumb/v7e-m/nofp\libg.a(libc_a-mprec.o)
                0x08007ac8                _Bfree
 .text.__multadd
                0x08007adc       0xa0 c:/ctools/gnu_arm_toolchain/12.2_mpacbti-rel1/bin/../lib/gcc/arm-none-eabi/12.2.1/thumb/v7e-m/nofp\libg.a(libc_a-mprec.o)
                0x08007adc                __multadd
 .text.__hi0bits
                0x08007b7c       0x44 c:/ctools/gnu_arm_toolchain/12.2_mpacbti-rel1/bin/../lib/gcc/arm-none-eabi/12.2.1/thumb/v7e-m/nofp\libg.a(libc_a-mprec.o)
                0x08007b7c                __hi0bits
 .text.__lo0bits
                0x08007bc0       0x60 c:/ctools/gnu_arm_toolchain/12.2_mpacbti-rel1/bin/../lib/gcc/arm-none-eabi/12.2.1/thumb/v7e-m/nofp\libg.a(libc_a-mprec.o)
                0x08007bc0                __lo0bits
 .text.__i2b    0x08007c20       0x5c c:/ctools/gnu_arm_toolchain/12.2_mpacbti-rel1/bin/../lib/gcc/arm-none-eabi/12.2.1/thumb/v7e-m/nofp\libg.a(libc_a-mprec.o)
                0x08007c20                __i2b
 .text.__multiply
                0x08007c7c      0x16c c:/ctools/gnu_arm_toolchain/12.2_mpacbti-rel1/bin/../lib/gcc/arm-none-eabi/12.2.1/thumb/v7e-m/nofp\libg.a(libc_a-mprec.o)
                0x08007c7c                __multiply
 .text.__pow5mult
                0x08007de8       0xb4 c:/ctools/gnu_arm_toolchain/12.2_mpacbti-rel1/bin/../lib/gcc/arm-none-eabi/12.2.1/thumb/v7e-m/nofp\libg.a(libc_a-mprec.o)
                0x08007de8                __pow5mult
 .text.__lshift
                0x08007e9c       0xf0 c:/ctools/gnu_arm_toolchain/12.2_mpacbti-rel1/bin/../lib/gcc/arm-none-eabi/12.2.1/thumb/v7e-m/nofp\libg.a(libc_a-mprec.o)
                0x08007e9c                __lshift
 .text.__mcmp   0x08007f8c       0x40 c:/ctools/gnu_arm_toolchain/12.2_mpacbti-rel1/bin/../lib/gcc/arm-none-eabi/12.2.1/thumb/v7e-m/nofp\libg.a(libc_a-mprec.o)
                0x08007f8c                __mcmp
 .text.__mdiff  0x08007fcc      0x164 c:/ctools/gnu_arm_toolchain/12.2_mpacbti-rel1/bin/../lib/gcc/arm-none-eabi/12.2.1/thumb/v7e-m/nofp\libg.a(libc_a-mprec.o)
                0x08007fcc                __mdiff
 .text.__d2b    0x08008130       0xbc c:/ctools/gnu_arm_toolchain/12.2_mpacbti-rel1/bin/../lib/gcc/arm-none-eabi/12.2.1/thumb/v7e-m/nofp\libg.a(libc_a-mprec.o)
                0x08008130                __d2b
 .text.__ascii_wctomb
                0x080081ec       0x1c c:/ctools/gnu_arm_toolchain/12.2_mpacbti-rel1/bin/../lib/gcc/arm-none-eabi/12.2.1/thumb/v7e-m/nofp\libg.a(libc_a-wctomb_r.o)
                0x080081ec                __ascii_wctomb
 .text._wcrtomb_r
                0x08008208       0x4c c:/ctools/gnu_arm_toolchain/12.2_mpacbti-rel1/bin/../lib/gcc/arm-none-eabi/12.2.1/thumb/v7e-m/nofp\libg.a(libc_a-wcrtomb.o)
                0x08008208                _wcrtomb_r
 .text._wcsrtombs_r
                0x08008254       0x1c c:/ctools/gnu_arm_toolchain/12.2_mpacbti-rel1/bin/../lib/gcc/arm-none-eabi/12.2.1/thumb/v7e-m/nofp\libg.a(libc_a-wcsrtombs.o)
                0x08008254                _wcsrtombs_r
 .text.__ssprint_r
                0x08008270      0x108 c:/ctools/gnu_arm_toolchain/12.2_mpacbti-rel1/bin/../lib/gcc/arm-none-eabi/12.2.1/thumb/v7e-m/nofp\libg.a(libc_a-svfiprintf.o)
                0x08008270                __ssprint_r
 .text.memmove  0x08008378      0x100 c:/ctools/gnu_arm_toolchain/12.2_mpacbti-rel1/bin/../lib/gcc/arm-none-eabi/12.2.1/thumb/v7e-m/nofp\libg.a(libc_a-memmove.o)
                0x08008378                memmove
 .text.__assert_func
                0x08008478       0x40 c:/ctools/gnu_arm_toolchain/12.2_mpacbti-rel1/bin/../lib/gcc/arm-none-eabi/12.2.1/thumb/v7e-m/nofp\libg.a(libc_a-assert.o)
                0x08008478                __assert_func
 .text._calloc_r
                0x080084b8       0x6c c:/ctools/gnu_arm_toolchain/12.2_mpacbti-rel1/bin/../lib/gcc/arm-none-eabi/12.2.1/thumb/v7e-m/nofp\libg.a(libc_a-callocr.o)
                0x080084b8                _calloc_r
 .text._realloc_r
                0x08008524      0x344 c:/ctools/gnu_arm_toolchain/12.2_mpacbti-rel1/bin/../lib/gcc/arm-none-eabi/12.2.1/thumb/v7e-m/nofp\libg.a(libc_a-reallocr.o)
                0x08008524                _realloc_r
 .text._wcsnrtombs_l
                0x08008868       0xec c:/ctools/gnu_arm_toolchain/12.2_mpacbti-rel1/bin/../lib/gcc/arm-none-eabi/12.2.1/thumb/v7e-m/nofp\libg.a(libc_a-wcsnrtombs.o)
                0x08008868                _wcsnrtombs_l
 .text._wcsnrtombs_r
                0x08008954       0x24 c:/ctools/gnu_arm_toolchain/12.2_mpacbti-rel1/bin/../lib/gcc/arm-none-eabi/12.2.1/thumb/v7e-m/nofp\libg.a(libc_a-wcsnrtombs.o)
                0x08008954                _wcsnrtombs_r
 .text.fiprintf
                0x08008978       0x28 c:/ctools/gnu_arm_toolchain/12.2_mpacbti-rel1/bin/../lib/gcc/arm-none-eabi/12.2.1/thumb/v7e-m/nofp\libg.a(libc_a-fiprintf.o)
                0x08008978                fiprintf
 .text.__sprint_r.part.0
                0x080089a0       0x78 c:/ctools/gnu_arm_toolchain/12.2_mpacbti-rel1/bin/../lib/gcc/arm-none-eabi/12.2.1/thumb/v7e-m/nofp\libg.a(libc_a-vfiprintf.o)
 .text._vfiprintf_r
                0x08008a18      0xfac c:/ctools/gnu_arm_toolchain/12.2_mpacbti-rel1/bin/../lib/gcc/arm-none-eabi/12.2.1/thumb/v7e-m/nofp\libg.a(libc_a-vfiprintf.o)
                0x08008a18                _vfiprintf_r
 .text.__sbprintf
                0x080099c4       0x80 c:/ctools/gnu_arm_toolchain/12.2_mpacbti-rel1/bin/../lib/gcc/arm-none-eabi/12.2.1/thumb/v7e-m/nofp\libg.a(libc_a-vfiprintf.o)
 .text.__sfvwrite_r
                0x08009a44      0x2f8 c:/ctools/gnu_arm_toolchain/12.2_mpacbti-rel1/bin/../lib/gcc/arm-none-eabi/12.2.1/thumb/v7e-m/nofp\libg.a(libc_a-fvwrite.o)
                0x08009a44                __sfvwrite_r
 .text.__swsetup_r
                0x08009d3c       0xc0 c:/ctools/gnu_arm_toolchain/12.2_mpacbti-rel1/bin/../lib/gcc/arm-none-eabi/12.2.1/thumb/v7e-m/nofp\libg.a(libc_a-wsetup.o)
                0x08009d3c                __swsetup_r
 .text.__fputwc
                0x08009dfc       0x7c c:/ctools/gnu_arm_toolchain/12.2_mpacbti-rel1/bin/../lib/gcc/arm-none-eabi/12.2.1/thumb/v7e-m/nofp\libg.a(libc_a-fputwc.o)
                0x08009dfc                __fputwc
 .text._fputwc_r
                0x08009e78       0x60 c:/ctools/gnu_arm_toolchain/12.2_mpacbti-rel1/bin/../lib/gcc/arm-none-eabi/12.2.1/thumb/v7e-m/nofp\libg.a(libc_a-fputwc.o)
                0x08009e78                _fputwc_r
 .text.abort    0x08009ed8       0x10 c:/ctools/gnu_arm_toolchain/12.2_mpacbti-rel1/bin/../lib/gcc/arm-none-eabi/12.2.1/thumb/v7e-m/nofp\libg.a(libc_a-abort.o)
                0x08009ed8                abort
 .text.__smakebuf_r
                0x08009ee8       0xdc c:/ctools/gnu_arm_toolchain/12.2_mpacbti-rel1/bin/../lib/gcc/arm-none-eabi/12.2.1/thumb/v7e-m/nofp\libg.a(libc_a-makebuf.o)
                0x08009ee8                __smakebuf_r
 .text.__swbuf_r
                0x08009fc4       0xac c:/ctools/gnu_arm_toolchain/12.2_mpacbti-rel1/bin/../lib/gcc/arm-none-eabi/12.2.1/thumb/v7e-m/nofp\libg.a(libc_a-wbuf.o)
                0x08009fc4                __swbuf_r
 .text.raise    0x0800a070       0x58 c:/ctools/gnu_arm_toolchain/12.2_mpacbti-rel1/bin/../lib/gcc/arm-none-eabi/12.2.1/thumb/v7e-m/nofp\libg.a(libc_a-signal.o)
                0x0800a070                raise
 .text._fstat_r
                0x0800a0c8       0x2c c:/ctools/gnu_arm_toolchain/12.2_mpacbti-rel1/bin/../lib/gcc/arm-none-eabi/12.2.1/thumb/v7e-m/nofp\libg.a(libc_a-fstatr.o)
                0x0800a0c8                _fstat_r
 .text._isatty_r
                0x0800a0f4       0x24 c:/ctools/gnu_arm_toolchain/12.2_mpacbti-rel1/bin/../lib/gcc/arm-none-eabi/12.2.1/thumb/v7e-m/nofp\libg.a(libc_a-isattyr.o)
                0x0800a0f4                _isatty_r
 .text._kill_r  0x0800a118       0x2c c:/ctools/gnu_arm_toolchain/12.2_mpacbti-rel1/bin/../lib/gcc/arm-none-eabi/12.2.1/thumb/v7e-m/nofp\libg.a(libc_a-signalr.o)
                0x0800a118                _kill_r
 .text._getpid_r
                0x0800a144        0x4 c:/ctools/gnu_arm_toolchain/12.2_mpacbti-rel1/bin/../lib/gcc/arm-none-eabi/12.2.1/thumb/v7e-m/nofp\libg.a(libc_a-signalr.o)
                0x0800a144                _getpid_r
 *(.glue_7)
 .glue_7        0x0800a148        0x0 linker stubs
 *(.glue_7t)
 .glue_7t       0x0800a148        0x0 linker stubs
 *(.eh_frame)
 .eh_frame      0x0800a148        0x0 c:/ctools/gnu_arm_toolchain/12.2_mpacbti-rel1/bin/../lib/gcc/arm-none-eabi/12.2.1/thumb/v7e-m/nofp/crtbegin.o
 *(.init)
 .init          0x0800a148        0x4 c:/ctools/gnu_arm_toolchain/12.2_mpacbti-rel1/bin/../lib/gcc/arm-none-eabi/12.2.1/thumb/v7e-m/nofp/crti.o
                0x0800a148                _init
 .init          0x0800a14c        0x8 c:/ctools/gnu_arm_toolchain/12.2_mpacbti-rel1/bin/../lib/gcc/arm-none-eabi/12.2.1/thumb/v7e-m/nofp/crtn.o
 *(.fini)
 .fini          0x0800a154        0x4 c:/ctools/gnu_arm_toolchain/12.2_mpacbti-rel1/bin/../lib/gcc/arm-none-eabi/12.2.1/thumb/v7e-m/nofp/crti.o
                0x0800a154                _fini
 .fini          0x0800a158        0x8 c:/ctools/gnu_arm_toolchain/12.2_mpacbti-rel1/bin/../lib/gcc/arm-none-eabi/12.2.1/thumb/v7e-m/nofp/crtn.o
                0x0800a160                        . = ALIGN (0x4)
                0x0800a160                        _etext = .

.vfp11_veneer   0x0800a160        0x0
 .vfp11_veneer  0x0800a160        0x0 linker stubs

.v4_bx          0x0800a160        0x0
 .v4_bx         0x0800a160        0x0 linker stubs

.iplt           0x0800a160        0x0
 .iplt          0x0800a160        0x0 c:/ctools/gnu_arm_toolchain/12.2_mpacbti-rel1/bin/../lib/gcc/arm-none-eabi/12.2.1/thumb/v7e-m/nofp/crtbegin.o

.rodata         0x0800a160      0x444
                0x0800a160                        . = ALIGN (0x4)
 *(.rodata)
 *(.rodata*)
 .rodata.main.str1.4
                0x0800a160       0x12 CMakeFiles/uart3.elf.dir/Core/Src/main.c.obj
 *fill*         0x0800a172        0x2 
 .rodata.APBPrescTable
                0x0800a174        0x8 CMakeFiles/uart3.elf.dir/Core/Src/system_stm32f3xx.c.obj
                0x0800a174                APBPrescTable
 .rodata.AHBPrescTable
                0x0800a17c       0x10 CMakeFiles/uart3.elf.dir/Core/Src/system_stm32f3xx.c.obj
                0x0800a17c                AHBPrescTable
 .rodata.aPredivFactorTable
                0x0800a18c       0x10 CMakeFiles/uart3.elf.dir/Drivers/STM32F3xx_HAL_Driver/Src/stm32f3xx_hal_rcc.c.obj
 .rodata.aPLLMULFactorTable
                0x0800a19c       0x10 CMakeFiles/uart3.elf.dir/Drivers/STM32F3xx_HAL_Driver/Src/stm32f3xx_hal_rcc.c.obj
 .rodata._svfprintf_r.str1.4
                0x0800a1ac       0x42 c:/ctools/gnu_arm_toolchain/12.2_mpacbti-rel1/bin/../lib/gcc/arm-none-eabi/12.2.1/thumb/v7e-m/nofp\libg.a(libc_a-svfprintf.o)
 *fill*         0x0800a1ee        0x2 
 .rodata.zeroes.0
                0x0800a1f0       0x10 c:/ctools/gnu_arm_toolchain/12.2_mpacbti-rel1/bin/../lib/gcc/arm-none-eabi/12.2.1/thumb/v7e-m/nofp\libg.a(libc_a-svfprintf.o)
 .rodata.blanks.1
                0x0800a200       0x10 c:/ctools/gnu_arm_toolchain/12.2_mpacbti-rel1/bin/../lib/gcc/arm-none-eabi/12.2.1/thumb/v7e-m/nofp\libg.a(libc_a-svfprintf.o)
 .rodata.str1.4
                0x0800a210       0x48 c:/ctools/gnu_arm_toolchain/12.2_mpacbti-rel1/bin/../lib/gcc/arm-none-eabi/12.2.1/thumb/v7e-m/nofp\libg.a(libc_a-locale.o)
                                 0x4c (size before relaxing)
 .rodata._dtoa_r.str1.4
                0x0800a258       0x85 c:/ctools/gnu_arm_toolchain/12.2_mpacbti-rel1/bin/../lib/gcc/arm-none-eabi/12.2.1/thumb/v7e-m/nofp\libg.a(libc_a-dtoa.o)
                                 0x89 (size before relaxing)
 *fill*         0x0800a2dd        0x3 
 .rodata.__multadd.str1.4
                0x0800a2e0       0x62 c:/ctools/gnu_arm_toolchain/12.2_mpacbti-rel1/bin/../lib/gcc/arm-none-eabi/12.2.1/thumb/v7e-m/nofp\libg.a(libc_a-mprec.o)
                                 0x76 (size before relaxing)
 *fill*         0x0800a342        0x2 
 .rodata.p05.0  0x0800a344        0xc c:/ctools/gnu_arm_toolchain/12.2_mpacbti-rel1/bin/../lib/gcc/arm-none-eabi/12.2.1/thumb/v7e-m/nofp\libg.a(libc_a-mprec.o)
 .rodata.__mprec_bigtens
                0x0800a350       0x28 c:/ctools/gnu_arm_toolchain/12.2_mpacbti-rel1/bin/../lib/gcc/arm-none-eabi/12.2.1/thumb/v7e-m/nofp\libg.a(libc_a-mprec.o)
                0x0800a350                __mprec_bigtens
 .rodata.__mprec_tens
                0x0800a378       0xc8 c:/ctools/gnu_arm_toolchain/12.2_mpacbti-rel1/bin/../lib/gcc/arm-none-eabi/12.2.1/thumb/v7e-m/nofp\libg.a(libc_a-mprec.o)
                0x0800a378                __mprec_tens
 .rodata._ctype_
                0x0800a440      0x101 c:/ctools/gnu_arm_toolchain/12.2_mpacbti-rel1/bin/../lib/gcc/arm-none-eabi/12.2.1/thumb/v7e-m/nofp\libg.a(libc_a-ctype_.o)
                0x0800a440                _ctype_
 *fill*         0x0800a541        0x3 
 .rodata.__assert_func.str1.4
                0x0800a544       0x3f c:/ctools/gnu_arm_toolchain/12.2_mpacbti-rel1/bin/../lib/gcc/arm-none-eabi/12.2.1/thumb/v7e-m/nofp\libg.a(libc_a-assert.o)
                                 0x43 (size before relaxing)
 .rodata._vfiprintf_r.str1.4
                0x0800a583       0x2f c:/ctools/gnu_arm_toolchain/12.2_mpacbti-rel1/bin/../lib/gcc/arm-none-eabi/12.2.1/thumb/v7e-m/nofp\libg.a(libc_a-vfiprintf.o)
 *fill*         0x0800a583        0x1 
 .rodata.zeroes.0
                0x0800a584       0x10 c:/ctools/gnu_arm_toolchain/12.2_mpacbti-rel1/bin/../lib/gcc/arm-none-eabi/12.2.1/thumb/v7e-m/nofp\libg.a(libc_a-vfiprintf.o)
 .rodata.blanks.1
                0x0800a594       0x10 c:/ctools/gnu_arm_toolchain/12.2_mpacbti-rel1/bin/../lib/gcc/arm-none-eabi/12.2.1/thumb/v7e-m/nofp\libg.a(libc_a-vfiprintf.o)
                0x0800a5a4                        . = ALIGN (0x4)

.ARM.extab      0x0800a5a4        0x0
                0x0800a5a4                        . = ALIGN (0x4)
 *(.ARM.extab* .gnu.linkonce.armextab.*)
                0x0800a5a4                        . = ALIGN (0x4)

.ARM            0x0800a5a4        0x8
                0x0800a5a4                        . = ALIGN (0x4)
                0x0800a5a4                        __exidx_start = .
 *(.ARM.exidx*)
 .ARM.exidx     0x0800a5a4        0x8 c:/ctools/gnu_arm_toolchain/12.2_mpacbti-rel1/bin/../lib/gcc/arm-none-eabi/12.2.1/thumb/v7e-m/nofp\libg.a(libc_a-strlen.o)
 .ARM.exidx     0x0800a5ac        0x0 c:/ctools/gnu_arm_toolchain/12.2_mpacbti-rel1/bin/../lib/gcc/arm-none-eabi/12.2.1/thumb/v7e-m/nofp\libg.a(libc_a-memchr.o)
                                  0x8 (size before relaxing)
 .ARM.exidx     0x0800a5ac        0x0 c:/ctools/gnu_arm_toolchain/12.2_mpacbti-rel1/bin/../lib/gcc/arm-none-eabi/12.2.1/thumb/v7e-m/nofp\libg.a(libc_a-memcpy.o)
                                  0x8 (size before relaxing)
                0x0800a5ac                        __exidx_end = .
                0x0800a5ac                        . = ALIGN (0x4)

.rel.dyn        0x0800a5ac        0x0
 .rel.iplt      0x0800a5ac        0x0 c:/ctools/gnu_arm_toolchain/12.2_mpacbti-rel1/bin/../lib/gcc/arm-none-eabi/12.2.1/thumb/v7e-m/nofp/crtbegin.o

.preinit_array  0x0800a5ac        0x0
                0x0800a5ac                        . = ALIGN (0x4)
                0x0800a5ac                        PROVIDE (__preinit_array_start = .)
 *(.preinit_array*)
                0x0800a5ac                        PROVIDE (__preinit_array_end = .)
                0x0800a5ac                        . = ALIGN (0x4)

.init_array     0x0800a5ac        0x8
                0x0800a5ac                        . = ALIGN (0x4)
                0x0800a5ac                        PROVIDE (__init_array_start = .)
 *(SORT_BY_NAME(.init_array.*))
 .init_array.00000
                0x0800a5ac        0x4 c:/ctools/gnu_arm_toolchain/12.2_mpacbti-rel1/bin/../lib/gcc/arm-none-eabi/12.2.1/thumb/v7e-m/nofp\libg.a(libc_a-__call_atexit.o)
 *(.init_array*)
 .init_array    0x0800a5b0        0x4 c:/ctools/gnu_arm_toolchain/12.2_mpacbti-rel1/bin/../lib/gcc/arm-none-eabi/12.2.1/thumb/v7e-m/nofp/crtbegin.o
                0x0800a5b4                        PROVIDE (__init_array_end = .)
                0x0800a5b4                        . = ALIGN (0x4)

.fini_array     0x0800a5b4        0x4
                0x0800a5b4                        . = ALIGN (0x4)
                0x0800a5b4                        PROVIDE (__fini_array_start = .)
 *(SORT_BY_NAME(.fini_array.*))
 *(.fini_array*)
 .fini_array    0x0800a5b4        0x4 c:/ctools/gnu_arm_toolchain/12.2_mpacbti-rel1/bin/../lib/gcc/arm-none-eabi/12.2.1/thumb/v7e-m/nofp/crtbegin.o
                0x0800a5b8                        PROVIDE (__fini_array_end = .)
                0x0800a5b8                        . = ALIGN (0x4)
                0x0800a5b8                        _sidata = LOADADDR (.data)

.data           0x20000000      0x6c4 load address 0x0800a5b8
                0x20000000                        . = ALIGN (0x4)
                0x20000000                        _sdata = .
 *(.data)
 *(.data*)
 .data.SystemCoreClock
                0x20000000        0x4 CMakeFiles/uart3.elf.dir/Core/Src/system_stm32f3xx.c.obj
                0x20000000                SystemCoreClock
 .data.uwTickFreq
                0x20000004        0x1 CMakeFiles/uart3.elf.dir/Drivers/STM32F3xx_HAL_Driver/Src/stm32f3xx_hal.c.obj
                0x20000004                uwTickFreq
 *fill*         0x20000005        0x3 
 .data.uwTickPrio
                0x20000008        0x4 CMakeFiles/uart3.elf.dir/Drivers/STM32F3xx_HAL_Driver/Src/stm32f3xx_hal.c.obj
                0x20000008                uwTickPrio
 .data.__sglue  0x2000000c        0xc c:/ctools/gnu_arm_toolchain/12.2_mpacbti-rel1/bin/../lib/gcc/arm-none-eabi/12.2.1/thumb/v7e-m/nofp\libg.a(libc_a-findfp.o)
                0x2000000c                __sglue
 .data._impure_ptr
                0x20000018        0x4 c:/ctools/gnu_arm_toolchain/12.2_mpacbti-rel1/bin/../lib/gcc/arm-none-eabi/12.2.1/thumb/v7e-m/nofp\libg.a(libc_a-impure.o)
                0x20000018                _impure_ptr
 *fill*         0x2000001c        0x4 
 .data._impure_data
                0x20000020      0x120 c:/ctools/gnu_arm_toolchain/12.2_mpacbti-rel1/bin/../lib/gcc/arm-none-eabi/12.2.1/thumb/v7e-m/nofp\libg.a(libc_a-impure.o)
                0x20000020                _impure_data
 .data.__atexit_recursive_mutex
                0x20000140        0x4 c:/ctools/gnu_arm_toolchain/12.2_mpacbti-rel1/bin/../lib/gcc/arm-none-eabi/12.2.1/thumb/v7e-m/nofp\libg.a(libc_a-__call_atexit.o)
                0x20000140                __atexit_recursive_mutex
 .data.__malloc_sbrk_base
                0x20000144        0x4 c:/ctools/gnu_arm_toolchain/12.2_mpacbti-rel1/bin/../lib/gcc/arm-none-eabi/12.2.1/thumb/v7e-m/nofp\libg.a(libc_a-mallocr.o)
                0x20000144                __malloc_sbrk_base
 .data.__malloc_trim_threshold
                0x20000148        0x4 c:/ctools/gnu_arm_toolchain/12.2_mpacbti-rel1/bin/../lib/gcc/arm-none-eabi/12.2.1/thumb/v7e-m/nofp\libg.a(libc_a-mallocr.o)
                0x20000148                __malloc_trim_threshold
 *fill*         0x2000014c        0x4 
 .data.__malloc_av_
                0x20000150      0x408 c:/ctools/gnu_arm_toolchain/12.2_mpacbti-rel1/bin/../lib/gcc/arm-none-eabi/12.2.1/thumb/v7e-m/nofp\libg.a(libc_a-mallocr.o)
                0x20000150                __malloc_av_
 .data.__global_locale
                0x20000558      0x16c c:/ctools/gnu_arm_toolchain/12.2_mpacbti-rel1/bin/../lib/gcc/arm-none-eabi/12.2.1/thumb/v7e-m/nofp\libg.a(libc_a-locale.o)
                0x20000558                __global_locale
 *(.RamFunc)
 *(.RamFunc*)
                0x200006c4                        . = ALIGN (0x4)
                0x200006c4                        _edata = .
                0x0800ac7c                        _siccmram = LOADADDR (.ccmram)

.tm_clone_table
                0x200006c4        0x0 load address 0x0800ac7c
 .tm_clone_table
                0x200006c4        0x0 c:/ctools/gnu_arm_toolchain/12.2_mpacbti-rel1/bin/../lib/gcc/arm-none-eabi/12.2.1/thumb/v7e-m/nofp/crtbegin.o
 .tm_clone_table
                0x200006c4        0x0 c:/ctools/gnu_arm_toolchain/12.2_mpacbti-rel1/bin/../lib/gcc/arm-none-eabi/12.2.1/thumb/v7e-m/nofp/crtend.o

.igot.plt       0x200006c4        0x0 load address 0x0800ac7c
 .igot.plt      0x200006c4        0x0 c:/ctools/gnu_arm_toolchain/12.2_mpacbti-rel1/bin/../lib/gcc/arm-none-eabi/12.2.1/thumb/v7e-m/nofp/crtbegin.o

.ccmram         0x10000000        0x0 load address 0x0800ac7c
                0x10000000                        . = ALIGN (0x4)
                0x10000000                        _sccmram = .
 *(.ccmram)
 *(.ccmram*)
                0x10000000                        . = ALIGN (0x4)
                0x10000000                        _eccmram = .
                0x10000000                        . = ALIGN (0x4)

.bss            0x200006c4      0x7b8
                0x200006c4                        _sbss = .
                0x200006c4                        __bss_start__ = _sbss
 *(.bss)
 *(.bss*)
 .bss.completed.1
                0x200006c4        0x1 c:/ctools/gnu_arm_toolchain/12.2_mpacbti-rel1/bin/../lib/gcc/arm-none-eabi/12.2.1/thumb/v7e-m/nofp/crtbegin.o
 *fill*         0x200006c5        0x3 
 .bss.object.0  0x200006c8       0x18 c:/ctools/gnu_arm_toolchain/12.2_mpacbti-rel1/bin/../lib/gcc/arm-none-eabi/12.2.1/thumb/v7e-m/nofp/crtbegin.o
 .bss.str1      0x200006e0       0x3c CMakeFiles/uart3.elf.dir/Core/Src/main.c.obj
                0x200006e0                str1
 .bss.GyrData   0x2000071c        0x6 CMakeFiles/uart3.elf.dir/Core/Src/main.c.obj
                0x2000071c                GyrData
 *fill*         0x20000722        0x2 
 .bss.MagData   0x20000724        0x6 CMakeFiles/uart3.elf.dir/Core/Src/main.c.obj
                0x20000724                MagData
 *fill*         0x2000072a        0x2 
 .bss.AccelData
                0x2000072c        0x6 CMakeFiles/uart3.elf.dir/Core/Src/main.c.obj
                0x2000072c                AccelData
 *fill*         0x20000732        0x2 
 .bss.hpcd_USB_FS
                0x20000734      0x2ec CMakeFiles/uart3.elf.dir/Core/Src/main.c.obj
                0x20000734                hpcd_USB_FS
 .bss.huart2    0x20000a20       0x88 CMakeFiles/uart3.elf.dir/Core/Src/main.c.obj
                0x20000a20                huart2
 .bss.hspi1     0x20000aa8       0x64 CMakeFiles/uart3.elf.dir/Core/Src/main.c.obj
                0x20000aa8                hspi1
 .bss.hi2c1     0x20000b0c       0x54 CMakeFiles/uart3.elf.dir/Core/Src/main.c.obj
                0x20000b0c                hi2c1
 .bss.__sbrk_heap_end
                0x20000b60        0x4 CMakeFiles/uart3.elf.dir/Core/Src/sysmem.c.obj
 .bss.uwTick    0x20000b64        0x4 CMakeFiles/uart3.elf.dir/Drivers/STM32F3xx_HAL_Driver/Src/stm32f3xx_hal.c.obj
                0x20000b64                uwTick
 .bss.__sf      0x20000b68      0x138 c:/ctools/gnu_arm_toolchain/12.2_mpacbti-rel1/bin/../lib/gcc/arm-none-eabi/12.2.1/thumb/v7e-m/nofp\libg.a(libc_a-findfp.o)
                0x20000b68                __sf
 .bss.__stdio_exit_handler
                0x20000ca0        0x4 c:/ctools/gnu_arm_toolchain/12.2_mpacbti-rel1/bin/../lib/gcc/arm-none-eabi/12.2.1/thumb/v7e-m/nofp\libg.a(libc_a-findfp.o)
                0x20000ca0                __stdio_exit_handler
 .bss.errno     0x20000ca4        0x4 c:/ctools/gnu_arm_toolchain/12.2_mpacbti-rel1/bin/../lib/gcc/arm-none-eabi/12.2.1/thumb/v7e-m/nofp\libg.a(libc_a-reent.o)
                0x20000ca4                errno
 .bss.__lock___malloc_recursive_mutex
                0x20000ca8        0x1 c:/ctools/gnu_arm_toolchain/12.2_mpacbti-rel1/bin/../lib/gcc/arm-none-eabi/12.2.1/thumb/v7e-m/nofp\libg.a(libc_a-lock.o)
                0x20000ca8                __lock___malloc_recursive_mutex
 *fill*         0x20000ca9        0x3 
 .bss.__lock___atexit_recursive_mutex
                0x20000cac        0x1 c:/ctools/gnu_arm_toolchain/12.2_mpacbti-rel1/bin/../lib/gcc/arm-none-eabi/12.2.1/thumb/v7e-m/nofp\libg.a(libc_a-lock.o)
                0x20000cac                __lock___atexit_recursive_mutex
 *fill*         0x20000cad        0x3 
 .bss.__lock___sfp_recursive_mutex
                0x20000cb0        0x1 c:/ctools/gnu_arm_toolchain/12.2_mpacbti-rel1/bin/../lib/gcc/arm-none-eabi/12.2.1/thumb/v7e-m/nofp\libg.a(libc_a-lock.o)
                0x20000cb0                __lock___sfp_recursive_mutex
 *fill*         0x20000cb1        0x3 
 .bss.__atexit  0x20000cb4        0x4 c:/ctools/gnu_arm_toolchain/12.2_mpacbti-rel1/bin/../lib/gcc/arm-none-eabi/12.2.1/thumb/v7e-m/nofp\libg.a(libc_a-__call_atexit.o)
                0x20000cb4                __atexit
 .bss.__malloc_current_mallinfo
                0x20000cb8       0x28 c:/ctools/gnu_arm_toolchain/12.2_mpacbti-rel1/bin/../lib/gcc/arm-none-eabi/12.2.1/thumb/v7e-m/nofp\libg.a(libc_a-mallocr.o)
                0x20000cb8                __malloc_current_mallinfo
 .bss.__malloc_max_total_mem
                0x20000ce0        0x4 c:/ctools/gnu_arm_toolchain/12.2_mpacbti-rel1/bin/../lib/gcc/arm-none-eabi/12.2.1/thumb/v7e-m/nofp\libg.a(libc_a-mallocr.o)
                0x20000ce0                __malloc_max_total_mem
 .bss.__malloc_max_sbrked_mem
                0x20000ce4        0x4 c:/ctools/gnu_arm_toolchain/12.2_mpacbti-rel1/bin/../lib/gcc/arm-none-eabi/12.2.1/thumb/v7e-m/nofp\libg.a(libc_a-mallocr.o)
                0x20000ce4                __malloc_max_sbrked_mem
 .bss.__malloc_top_pad
                0x20000ce8        0x4 c:/ctools/gnu_arm_toolchain/12.2_mpacbti-rel1/bin/../lib/gcc/arm-none-eabi/12.2.1/thumb/v7e-m/nofp\libg.a(libc_a-mallocr.o)
                0x20000ce8                __malloc_top_pad
 .bss.__atexit0
                0x20000cec      0x190 c:/ctools/gnu_arm_toolchain/12.2_mpacbti-rel1/bin/../lib/gcc/arm-none-eabi/12.2.1/thumb/v7e-m/nofp\libg.a(libc_a-__atexit.o)
                0x20000cec                __atexit0
 *(COMMON)
                0x20000e7c                        . = ALIGN (0x4)
                0x20000e7c                        _ebss = .
                0x20000e7c                        __bss_end__ = _ebss

._user_heap_stack
                0x20000e7c      0x604
                0x20000e80                        . = ALIGN (0x8)
 *fill*         0x20000e7c        0x4 
                [!provide]                        PROVIDE (end = .)
                0x20000e80                        PROVIDE (_end = .)
                0x20001080                        . = (. + _Min_Heap_Size)
 *fill*         0x20000e80      0x200 
                0x20001480                        . = (. + _Min_Stack_Size)
 *fill*         0x20001080      0x400 
                0x20001480                        . = ALIGN (0x8)

/DISCARD/
 libc.a(*)
 libm.a(*)
 libgcc.a(*)

.ARM.attributes
                0x00000000       0x2a
 *(.ARM.attributes)
 .ARM.attributes
                0x00000000       0x1e c:/ctools/gnu_arm_toolchain/12.2_mpacbti-rel1/bin/../lib/gcc/arm-none-eabi/12.2.1/thumb/v7e-m/nofp/crti.o
 .ARM.attributes
                0x0000001e       0x2e c:/ctools/gnu_arm_toolchain/12.2_mpacbti-rel1/bin/../lib/gcc/arm-none-eabi/12.2.1/thumb/v7e-m/nofp/crtbegin.o
 .ARM.attributes
                0x0000004c       0x2e CMakeFiles/uart3.elf.dir/Core/Src/main.c.obj
 .ARM.attributes
                0x0000007a       0x2e CMakeFiles/uart3.elf.dir/Core/Src/stm32f3xx_hal_msp.c.obj
 .ARM.attributes
                0x000000a8       0x2e CMakeFiles/uart3.elf.dir/Core/Src/stm32f3xx_it.c.obj
 .ARM.attributes
                0x000000d6       0x2e CMakeFiles/uart3.elf.dir/Core/Src/syscalls.c.obj
 .ARM.attributes
                0x00000104       0x2e CMakeFiles/uart3.elf.dir/Core/Src/sysmem.c.obj
 .ARM.attributes
                0x00000132       0x2e CMakeFiles/uart3.elf.dir/Core/Src/system_stm32f3xx.c.obj
 .ARM.attributes
                0x00000160       0x21 CMakeFiles/uart3.elf.dir/Core/Startup/startup_stm32f303vctx.s.obj
 .ARM.attributes
                0x00000181       0x2e CMakeFiles/uart3.elf.dir/Drivers/STM32F3xx_HAL_Driver/Src/stm32f3xx_hal.c.obj
 .ARM.attributes
                0x000001af       0x2e CMakeFiles/uart3.elf.dir/Drivers/STM32F3xx_HAL_Driver/Src/stm32f3xx_hal_cortex.c.obj
 .ARM.attributes
                0x000001dd       0x2e CMakeFiles/uart3.elf.dir/Drivers/STM32F3xx_HAL_Driver/Src/stm32f3xx_hal_gpio.c.obj
 .ARM.attributes
                0x0000020b       0x2e CMakeFiles/uart3.elf.dir/Drivers/STM32F3xx_HAL_Driver/Src/stm32f3xx_hal_i2c.c.obj
 .ARM.attributes
                0x00000239       0x2e CMakeFiles/uart3.elf.dir/Drivers/STM32F3xx_HAL_Driver/Src/stm32f3xx_hal_i2c_ex.c.obj
 .ARM.attributes
                0x00000267       0x2e CMakeFiles/uart3.elf.dir/Drivers/STM32F3xx_HAL_Driver/Src/stm32f3xx_hal_pcd.c.obj
 .ARM.attributes
                0x00000295       0x2e CMakeFiles/uart3.elf.dir/Drivers/STM32F3xx_HAL_Driver/Src/stm32f3xx_hal_rcc.c.obj
 .ARM.attributes
                0x000002c3       0x2e CMakeFiles/uart3.elf.dir/Drivers/STM32F3xx_HAL_Driver/Src/stm32f3xx_hal_rcc_ex.c.obj
 .ARM.attributes
                0x000002f1       0x2e CMakeFiles/uart3.elf.dir/Drivers/STM32F3xx_HAL_Driver/Src/stm32f3xx_hal_spi.c.obj
 .ARM.attributes
                0x0000031f       0x2e CMakeFiles/uart3.elf.dir/Drivers/STM32F3xx_HAL_Driver/Src/stm32f3xx_hal_uart.c.obj
 .ARM.attributes
                0x0000034d       0x2e CMakeFiles/uart3.elf.dir/Drivers/STM32F3xx_HAL_Driver/Src/stm32f3xx_ll_usb.c.obj
 .ARM.attributes
                0x0000037b       0x1e c:/ctools/gnu_arm_toolchain/12.2_mpacbti-rel1/bin/../lib/gcc/arm-none-eabi/12.2.1/thumb/v7e-m/nofp\libgcc.a(_arm_addsubsf3.o)
 .ARM.attributes
                0x00000399       0x1e c:/ctools/gnu_arm_toolchain/12.2_mpacbti-rel1/bin/../lib/gcc/arm-none-eabi/12.2.1/thumb/v7e-m/nofp\libgcc.a(_arm_fixsfsi.o)
 .ARM.attributes
                0x000003b7       0x2e c:/ctools/gnu_arm_toolchain/12.2_mpacbti-rel1/bin/../lib/gcc/arm-none-eabi/12.2.1/thumb/v7e-m/nofp\libg.a(libc_a-findfp.o)
 .ARM.attributes
                0x000003e5       0x2e c:/ctools/gnu_arm_toolchain/12.2_mpacbti-rel1/bin/../lib/gcc/arm-none-eabi/12.2.1/thumb/v7e-m/nofp\libg.a(libc_a-fwalk.o)
 .ARM.attributes
                0x00000413       0x2e c:/ctools/gnu_arm_toolchain/12.2_mpacbti-rel1/bin/../lib/gcc/arm-none-eabi/12.2.1/thumb/v7e-m/nofp\libg.a(libc_a-sprintf.o)
 .ARM.attributes
                0x00000441       0x2e c:/ctools/gnu_arm_toolchain/12.2_mpacbti-rel1/bin/../lib/gcc/arm-none-eabi/12.2.1/thumb/v7e-m/nofp\libg.a(libc_a-stdio.o)
 .ARM.attributes
                0x0000046f       0x2e c:/ctools/gnu_arm_toolchain/12.2_mpacbti-rel1/bin/../lib/gcc/arm-none-eabi/12.2.1/thumb/v7e-m/nofp\libg.a(libc_a-memset.o)
 .ARM.attributes
                0x0000049d       0x2e c:/ctools/gnu_arm_toolchain/12.2_mpacbti-rel1/bin/../lib/gcc/arm-none-eabi/12.2.1/thumb/v7e-m/nofp\libg.a(libc_a-closer.o)
 .ARM.attributes
                0x000004cb       0x2e c:/ctools/gnu_arm_toolchain/12.2_mpacbti-rel1/bin/../lib/gcc/arm-none-eabi/12.2.1/thumb/v7e-m/nofp\libg.a(libc_a-reent.o)
 .ARM.attributes
                0x000004f9       0x2e c:/ctools/gnu_arm_toolchain/12.2_mpacbti-rel1/bin/../lib/gcc/arm-none-eabi/12.2.1/thumb/v7e-m/nofp\libg.a(libc_a-impure.o)
 .ARM.attributes
                0x00000527       0x2e c:/ctools/gnu_arm_toolchain/12.2_mpacbti-rel1/bin/../lib/gcc/arm-none-eabi/12.2.1/thumb/v7e-m/nofp\libg.a(libc_a-lseekr.o)
 .ARM.attributes
                0x00000555       0x2e c:/ctools/gnu_arm_toolchain/12.2_mpacbti-rel1/bin/../lib/gcc/arm-none-eabi/12.2.1/thumb/v7e-m/nofp\libg.a(libc_a-readr.o)
 .ARM.attributes
                0x00000583       0x2e c:/ctools/gnu_arm_toolchain/12.2_mpacbti-rel1/bin/../lib/gcc/arm-none-eabi/12.2.1/thumb/v7e-m/nofp\libg.a(libc_a-writer.o)
 .ARM.attributes
                0x000005b1       0x2e c:/ctools/gnu_arm_toolchain/12.2_mpacbti-rel1/bin/../lib/gcc/arm-none-eabi/12.2.1/thumb/v7e-m/nofp\libg.a(libc_a-errno.o)
 .ARM.attributes
                0x000005df       0x2e c:/ctools/gnu_arm_toolchain/12.2_mpacbti-rel1/bin/../lib/gcc/arm-none-eabi/12.2.1/thumb/v7e-m/nofp\libg.a(libc_a-init.o)
 .ARM.attributes
                0x0000060d       0x2e c:/ctools/gnu_arm_toolchain/12.2_mpacbti-rel1/bin/../lib/gcc/arm-none-eabi/12.2.1/thumb/v7e-m/nofp\libg.a(libc_a-lock.o)
 .ARM.attributes
                0x0000063b       0x1c c:/ctools/gnu_arm_toolchain/12.2_mpacbti-rel1/bin/../lib/gcc/arm-none-eabi/12.2.1/thumb/v7e-m/nofp\libg.a(libc_a-strlen.o)
 .ARM.attributes
                0x00000657       0x2e c:/ctools/gnu_arm_toolchain/12.2_mpacbti-rel1/bin/../lib/gcc/arm-none-eabi/12.2.1/thumb/v7e-m/nofp\libg.a(libc_a-__call_atexit.o)
 .ARM.attributes
                0x00000685       0x2e c:/ctools/gnu_arm_toolchain/12.2_mpacbti-rel1/bin/../lib/gcc/arm-none-eabi/12.2.1/thumb/v7e-m/nofp\libg.a(libc_a-atexit.o)
 .ARM.attributes
                0x000006b3       0x2e c:/ctools/gnu_arm_toolchain/12.2_mpacbti-rel1/bin/../lib/gcc/arm-none-eabi/12.2.1/thumb/v7e-m/nofp\libg.a(libc_a-freer.o)
 .ARM.attributes
                0x000006e1       0x2e c:/ctools/gnu_arm_toolchain/12.2_mpacbti-rel1/bin/../lib/gcc/arm-none-eabi/12.2.1/thumb/v7e-m/nofp\libg.a(libc_a-mallocr.o)
 .ARM.attributes
                0x0000070f       0x2e c:/ctools/gnu_arm_toolchain/12.2_mpacbti-rel1/bin/../lib/gcc/arm-none-eabi/12.2.1/thumb/v7e-m/nofp\libg.a(libc_a-mlock.o)
 .ARM.attributes
                0x0000073d       0x2e c:/ctools/gnu_arm_toolchain/12.2_mpacbti-rel1/bin/../lib/gcc/arm-none-eabi/12.2.1/thumb/v7e-m/nofp\libg.a(libc_a-svfprintf.o)
 .ARM.attributes
                0x0000076b       0x2e c:/ctools/gnu_arm_toolchain/12.2_mpacbti-rel1/bin/../lib/gcc/arm-none-eabi/12.2.1/thumb/v7e-m/nofp\libg.a(libc_a-fclose.o)
 .ARM.attributes
                0x00000799       0x2e c:/ctools/gnu_arm_toolchain/12.2_mpacbti-rel1/bin/../lib/gcc/arm-none-eabi/12.2.1/thumb/v7e-m/nofp\libg.a(libc_a-fflush.o)
 .ARM.attributes
                0x000007c7       0x2e c:/ctools/gnu_arm_toolchain/12.2_mpacbti-rel1/bin/../lib/gcc/arm-none-eabi/12.2.1/thumb/v7e-m/nofp\libg.a(libc_a-strncpy.o)
 .ARM.attributes
                0x000007f5       0x2e c:/ctools/gnu_arm_toolchain/12.2_mpacbti-rel1/bin/../lib/gcc/arm-none-eabi/12.2.1/thumb/v7e-m/nofp\libg.a(libc_a-locale.o)
 .ARM.attributes
                0x00000823       0x2e c:/ctools/gnu_arm_toolchain/12.2_mpacbti-rel1/bin/../lib/gcc/arm-none-eabi/12.2.1/thumb/v7e-m/nofp\libg.a(libc_a-localeconv.o)
 .ARM.attributes
                0x00000851       0x2e c:/ctools/gnu_arm_toolchain/12.2_mpacbti-rel1/bin/../lib/gcc/arm-none-eabi/12.2.1/thumb/v7e-m/nofp\libg.a(libc_a-sbrkr.o)
 .ARM.attributes
                0x0000087f       0x2e c:/ctools/gnu_arm_toolchain/12.2_mpacbti-rel1/bin/../lib/gcc/arm-none-eabi/12.2.1/thumb/v7e-m/nofp\libg.a(libc_a-fini.o)
 .ARM.attributes
                0x000008ad       0x2e c:/ctools/gnu_arm_toolchain/12.2_mpacbti-rel1/bin/../lib/gcc/arm-none-eabi/12.2.1/thumb/v7e-m/nofp\libg.a(libc_a-sysconf.o)
 .ARM.attributes
                0x000008db       0x1c c:/ctools/gnu_arm_toolchain/12.2_mpacbti-rel1/bin/../lib/gcc/arm-none-eabi/12.2.1/thumb/v7e-m/nofp\libg.a(libc_a-memchr.o)
 .ARM.attributes
                0x000008f7       0x2e c:/ctools/gnu_arm_toolchain/12.2_mpacbti-rel1/bin/../lib/gcc/arm-none-eabi/12.2.1/thumb/v7e-m/nofp\libg.a(libm_a-s_frexp.o)
 .ARM.attributes
                0x00000925       0x2e c:/ctools/gnu_arm_toolchain/12.2_mpacbti-rel1/bin/../lib/gcc/arm-none-eabi/12.2.1/thumb/v7e-m/nofp\libg.a(libc_a-__atexit.o)
 .ARM.attributes
                0x00000953       0x2e c:/ctools/gnu_arm_toolchain/12.2_mpacbti-rel1/bin/../lib/gcc/arm-none-eabi/12.2.1/thumb/v7e-m/nofp\libg.a(libc_a-dtoa.o)
 .ARM.attributes
                0x00000981       0x2e c:/ctools/gnu_arm_toolchain/12.2_mpacbti-rel1/bin/../lib/gcc/arm-none-eabi/12.2.1/thumb/v7e-m/nofp\libg.a(libc_a-mbtowc_r.o)
 .ARM.attributes
                0x000009af       0x2e c:/ctools/gnu_arm_toolchain/12.2_mpacbti-rel1/bin/../lib/gcc/arm-none-eabi/12.2.1/thumb/v7e-m/nofp\libg.a(libc_a-mprec.o)
 .ARM.attributes
                0x000009dd       0x2e c:/ctools/gnu_arm_toolchain/12.2_mpacbti-rel1/bin/../lib/gcc/arm-none-eabi/12.2.1/thumb/v7e-m/nofp\libg.a(libc_a-wctomb_r.o)
 .ARM.attributes
                0x00000a0b       0x2e c:/ctools/gnu_arm_toolchain/12.2_mpacbti-rel1/bin/../lib/gcc/arm-none-eabi/12.2.1/thumb/v7e-m/nofp\libg.a(libc_a-wcrtomb.o)
 .ARM.attributes
                0x00000a39       0x2e c:/ctools/gnu_arm_toolchain/12.2_mpacbti-rel1/bin/../lib/gcc/arm-none-eabi/12.2.1/thumb/v7e-m/nofp\libg.a(libc_a-wcsrtombs.o)
 .ARM.attributes
                0x00000a67       0x2e c:/ctools/gnu_arm_toolchain/12.2_mpacbti-rel1/bin/../lib/gcc/arm-none-eabi/12.2.1/thumb/v7e-m/nofp\libg.a(libc_a-ctype_.o)
 .ARM.attributes
                0x00000a95       0x2e c:/ctools/gnu_arm_toolchain/12.2_mpacbti-rel1/bin/../lib/gcc/arm-none-eabi/12.2.1/thumb/v7e-m/nofp\libg.a(libc_a-svfiprintf.o)
 .ARM.attributes
                0x00000ac3       0x2e c:/ctools/gnu_arm_toolchain/12.2_mpacbti-rel1/bin/../lib/gcc/arm-none-eabi/12.2.1/thumb/v7e-m/nofp\libg.a(libc_a-memmove.o)
 .ARM.attributes
                0x00000af1       0x1c c:/ctools/gnu_arm_toolchain/12.2_mpacbti-rel1/bin/../lib/gcc/arm-none-eabi/12.2.1/thumb/v7e-m/nofp\libg.a(libc_a-memcpy.o)
 .ARM.attributes
                0x00000b0d       0x2e c:/ctools/gnu_arm_toolchain/12.2_mpacbti-rel1/bin/../lib/gcc/arm-none-eabi/12.2.1/thumb/v7e-m/nofp\libg.a(libc_a-assert.o)
 .ARM.attributes
                0x00000b3b       0x2e c:/ctools/gnu_arm_toolchain/12.2_mpacbti-rel1/bin/../lib/gcc/arm-none-eabi/12.2.1/thumb/v7e-m/nofp\libg.a(libc_a-callocr.o)
 .ARM.attributes
                0x00000b69       0x2e c:/ctools/gnu_arm_toolchain/12.2_mpacbti-rel1/bin/../lib/gcc/arm-none-eabi/12.2.1/thumb/v7e-m/nofp\libg.a(libc_a-reallocr.o)
 .ARM.attributes
                0x00000b97       0x2e c:/ctools/gnu_arm_toolchain/12.2_mpacbti-rel1/bin/../lib/gcc/arm-none-eabi/12.2.1/thumb/v7e-m/nofp\libg.a(libc_a-wcsnrtombs.o)
 .ARM.attributes
                0x00000bc5       0x2e c:/ctools/gnu_arm_toolchain/12.2_mpacbti-rel1/bin/../lib/gcc/arm-none-eabi/12.2.1/thumb/v7e-m/nofp\libg.a(libc_a-fiprintf.o)
 .ARM.attributes
                0x00000bf3       0x2e c:/ctools/gnu_arm_toolchain/12.2_mpacbti-rel1/bin/../lib/gcc/arm-none-eabi/12.2.1/thumb/v7e-m/nofp\libg.a(libc_a-vfiprintf.o)
 .ARM.attributes
                0x00000c21       0x2e c:/ctools/gnu_arm_toolchain/12.2_mpacbti-rel1/bin/../lib/gcc/arm-none-eabi/12.2.1/thumb/v7e-m/nofp\libg.a(libc_a-fvwrite.o)
 .ARM.attributes
                0x00000c4f       0x2e c:/ctools/gnu_arm_toolchain/12.2_mpacbti-rel1/bin/../lib/gcc/arm-none-eabi/12.2.1/thumb/v7e-m/nofp\libg.a(libc_a-wsetup.o)
 .ARM.attributes
                0x00000c7d       0x2e c:/ctools/gnu_arm_toolchain/12.2_mpacbti-rel1/bin/../lib/gcc/arm-none-eabi/12.2.1/thumb/v7e-m/nofp\libg.a(libc_a-fputwc.o)
 .ARM.attributes
                0x00000cab       0x2e c:/ctools/gnu_arm_toolchain/12.2_mpacbti-rel1/bin/../lib/gcc/arm-none-eabi/12.2.1/thumb/v7e-m/nofp\libg.a(libc_a-abort.o)
 .ARM.attributes
                0x00000cd9       0x2e c:/ctools/gnu_arm_toolchain/12.2_mpacbti-rel1/bin/../lib/gcc/arm-none-eabi/12.2.1/thumb/v7e-m/nofp\libg.a(libc_a-makebuf.o)
 .ARM.attributes
                0x00000d07       0x2e c:/ctools/gnu_arm_toolchain/12.2_mpacbti-rel1/bin/../lib/gcc/arm-none-eabi/12.2.1/thumb/v7e-m/nofp\libg.a(libc_a-wbuf.o)
 .ARM.attributes
                0x00000d35       0x2e c:/ctools/gnu_arm_toolchain/12.2_mpacbti-rel1/bin/../lib/gcc/arm-none-eabi/12.2.1/thumb/v7e-m/nofp\libg.a(libc_a-signal.o)
 .ARM.attributes
                0x00000d63       0x2e c:/ctools/gnu_arm_toolchain/12.2_mpacbti-rel1/bin/../lib/gcc/arm-none-eabi/12.2.1/thumb/v7e-m/nofp\libg.a(libc_a-fstatr.o)
 .ARM.attributes
                0x00000d91       0x2e c:/ctools/gnu_arm_toolchain/12.2_mpacbti-rel1/bin/../lib/gcc/arm-none-eabi/12.2.1/thumb/v7e-m/nofp\libg.a(libc_a-isattyr.o)
 .ARM.attributes
                0x00000dbf       0x2e c:/ctools/gnu_arm_toolchain/12.2_mpacbti-rel1/bin/../lib/gcc/arm-none-eabi/12.2.1/thumb/v7e-m/nofp\libg.a(libc_a-signalr.o)
 .ARM.attributes
                0x00000ded       0x1e c:/ctools/gnu_arm_toolchain/12.2_mpacbti-rel1/bin/../lib/gcc/arm-none-eabi/12.2.1/thumb/v7e-m/nofp\libgcc.a(_arm_addsubdf3.o)
 .ARM.attributes
                0x00000e0b       0x1e c:/ctools/gnu_arm_toolchain/12.2_mpacbti-rel1/bin/../lib/gcc/arm-none-eabi/12.2.1/thumb/v7e-m/nofp\libgcc.a(_arm_muldivdf3.o)
 .ARM.attributes
                0x00000e29       0x1e c:/ctools/gnu_arm_toolchain/12.2_mpacbti-rel1/bin/../lib/gcc/arm-none-eabi/12.2.1/thumb/v7e-m/nofp\libgcc.a(_arm_cmpdf2.o)
 .ARM.attributes
                0x00000e47       0x1e c:/ctools/gnu_arm_toolchain/12.2_mpacbti-rel1/bin/../lib/gcc/arm-none-eabi/12.2.1/thumb/v7e-m/nofp\libgcc.a(_arm_unorddf2.o)
 .ARM.attributes
                0x00000e65       0x1e c:/ctools/gnu_arm_toolchain/12.2_mpacbti-rel1/bin/../lib/gcc/arm-none-eabi/12.2.1/thumb/v7e-m/nofp\libgcc.a(_arm_fixdfsi.o)
 .ARM.attributes
                0x00000e83       0x2e c:/ctools/gnu_arm_toolchain/12.2_mpacbti-rel1/bin/../lib/gcc/arm-none-eabi/12.2.1/thumb/v7e-m/nofp/crtend.o
 .ARM.attributes
                0x00000eb1       0x1e c:/ctools/gnu_arm_toolchain/12.2_mpacbti-rel1/bin/../lib/gcc/arm-none-eabi/12.2.1/thumb/v7e-m/nofp/crtn.o
OUTPUT(uart3.elf elf32-littlearm)
LOAD linker stubs
LOAD c:/ctools/gnu_arm_toolchain/12.2_mpacbti-rel1/bin/../lib/gcc/arm-none-eabi/12.2.1/thumb/v7e-m/nofp\libc.a
LOAD c:/ctools/gnu_arm_toolchain/12.2_mpacbti-rel1/bin/../lib/gcc/arm-none-eabi/12.2.1/thumb/v7e-m/nofp\libm.a
LOAD c:/ctools/gnu_arm_toolchain/12.2_mpacbti-rel1/bin/../lib/gcc/arm-none-eabi/12.2.1/thumb/v7e-m/nofp\libgcc.a

.debug_info     0x00000000    0x16faf
 .debug_info    0x00000000     0x2678 CMakeFiles/uart3.elf.dir/Core/Src/main.c.obj
 .debug_info    0x00002678     0x159a CMakeFiles/uart3.elf.dir/Core/Src/stm32f3xx_hal_msp.c.obj
 .debug_info    0x00003c12      0x11d CMakeFiles/uart3.elf.dir/Core/Src/stm32f3xx_it.c.obj
 .debug_info    0x00003d2f      0x783 CMakeFiles/uart3.elf.dir/Core/Src/syscalls.c.obj
 .debug_info    0x000044b2      0x171 CMakeFiles/uart3.elf.dir/Core/Src/sysmem.c.obj
 .debug_info    0x00004623      0x246 CMakeFiles/uart3.elf.dir/Core/Src/system_stm32f3xx.c.obj
 .debug_info    0x00004869       0x30 CMakeFiles/uart3.elf.dir/Core/Startup/startup_stm32f303vctx.s.obj
 .debug_info    0x00004899      0x872 CMakeFiles/uart3.elf.dir/Drivers/STM32F3xx_HAL_Driver/Src/stm32f3xx_hal.c.obj
 .debug_info    0x0000510b      0xedb CMakeFiles/uart3.elf.dir/Drivers/STM32F3xx_HAL_Driver/Src/stm32f3xx_hal_cortex.c.obj
 .debug_info    0x00005fe6      0x630 CMakeFiles/uart3.elf.dir/Drivers/STM32F3xx_HAL_Driver/Src/stm32f3xx_hal_gpio.c.obj
 .debug_info    0x00006616     0x4051 CMakeFiles/uart3.elf.dir/Drivers/STM32F3xx_HAL_Driver/Src/stm32f3xx_hal_i2c.c.obj
 .debug_info    0x0000a667      0x841 CMakeFiles/uart3.elf.dir/Drivers/STM32F3xx_HAL_Driver/Src/stm32f3xx_hal_i2c_ex.c.obj
 .debug_info    0x0000aea8     0x1b8a CMakeFiles/uart3.elf.dir/Drivers/STM32F3xx_HAL_Driver/Src/stm32f3xx_hal_pcd.c.obj
 .debug_info    0x0000ca32     0x15b6 CMakeFiles/uart3.elf.dir/Drivers/STM32F3xx_HAL_Driver/Src/stm32f3xx_hal_rcc.c.obj
 .debug_info    0x0000dfe8      0x778 CMakeFiles/uart3.elf.dir/Drivers/STM32F3xx_HAL_Driver/Src/stm32f3xx_hal_rcc_ex.c.obj
 .debug_info    0x0000e760     0x2072 CMakeFiles/uart3.elf.dir/Drivers/STM32F3xx_HAL_Driver/Src/stm32f3xx_hal_spi.c.obj
 .debug_info    0x000107d2     0x4ec2 CMakeFiles/uart3.elf.dir/Drivers/STM32F3xx_HAL_Driver/Src/stm32f3xx_hal_uart.c.obj
 .debug_info    0x00015694     0x191b CMakeFiles/uart3.elf.dir/Drivers/STM32F3xx_HAL_Driver/Src/stm32f3xx_ll_usb.c.obj

.debug_abbrev   0x00000000     0x272c
 .debug_abbrev  0x00000000      0x374 CMakeFiles/uart3.elf.dir/Core/Src/main.c.obj
 .debug_abbrev  0x00000374      0x22c CMakeFiles/uart3.elf.dir/Core/Src/stm32f3xx_hal_msp.c.obj
 .debug_abbrev  0x000005a0       0x7c CMakeFiles/uart3.elf.dir/Core/Src/stm32f3xx_it.c.obj
 .debug_abbrev  0x0000061c      0x1c1 CMakeFiles/uart3.elf.dir/Core/Src/syscalls.c.obj
 .debug_abbrev  0x000007dd       0xea CMakeFiles/uart3.elf.dir/Core/Src/sysmem.c.obj
 .debug_abbrev  0x000008c7      0x120 CMakeFiles/uart3.elf.dir/Core/Src/system_stm32f3xx.c.obj
 .debug_abbrev  0x000009e7       0x24 CMakeFiles/uart3.elf.dir/Core/Startup/startup_stm32f303vctx.s.obj
 .debug_abbrev  0x00000a0b      0x241 CMakeFiles/uart3.elf.dir/Drivers/STM32F3xx_HAL_Driver/Src/stm32f3xx_hal.c.obj
 .debug_abbrev  0x00000c4c      0x39d CMakeFiles/uart3.elf.dir/Drivers/STM32F3xx_HAL_Driver/Src/stm32f3xx_hal_cortex.c.obj
 .debug_abbrev  0x00000fe9      0x1f8 CMakeFiles/uart3.elf.dir/Drivers/STM32F3xx_HAL_Driver/Src/stm32f3xx_hal_gpio.c.obj
 .debug_abbrev  0x000011e1      0x299 CMakeFiles/uart3.elf.dir/Drivers/STM32F3xx_HAL_Driver/Src/stm32f3xx_hal_i2c.c.obj
 .debug_abbrev  0x0000147a      0x1c6 CMakeFiles/uart3.elf.dir/Drivers/STM32F3xx_HAL_Driver/Src/stm32f3xx_hal_i2c_ex.c.obj
 .debug_abbrev  0x00001640      0x30d CMakeFiles/uart3.elf.dir/Drivers/STM32F3xx_HAL_Driver/Src/stm32f3xx_hal_pcd.c.obj
 .debug_abbrev  0x0000194d      0x31e CMakeFiles/uart3.elf.dir/Drivers/STM32F3xx_HAL_Driver/Src/stm32f3xx_hal_rcc.c.obj
 .debug_abbrev  0x00001c6b      0x280 CMakeFiles/uart3.elf.dir/Drivers/STM32F3xx_HAL_Driver/Src/stm32f3xx_hal_rcc_ex.c.obj
 .debug_abbrev  0x00001eeb      0x27c CMakeFiles/uart3.elf.dir/Drivers/STM32F3xx_HAL_Driver/Src/stm32f3xx_hal_spi.c.obj
 .debug_abbrev  0x00002167      0x305 CMakeFiles/uart3.elf.dir/Drivers/STM32F3xx_HAL_Driver/Src/stm32f3xx_hal_uart.c.obj
 .debug_abbrev  0x0000246c      0x2c0 CMakeFiles/uart3.elf.dir/Drivers/STM32F3xx_HAL_Driver/Src/stm32f3xx_ll_usb.c.obj

.debug_loclists
                0x00000000     0xaf80
 .debug_loclists
                0x00000000      0x2fd CMakeFiles/uart3.elf.dir/Core/Src/main.c.obj
 .debug_loclists
                0x000002fd      0x13b CMakeFiles/uart3.elf.dir/Core/Src/stm32f3xx_hal_msp.c.obj
 .debug_loclists
                0x00000438      0x25b CMakeFiles/uart3.elf.dir/Core/Src/syscalls.c.obj
 .debug_loclists
                0x00000693       0x46 CMakeFiles/uart3.elf.dir/Core/Src/sysmem.c.obj
 .debug_loclists
                0x000006d9       0xbc CMakeFiles/uart3.elf.dir/Core/Src/system_stm32f3xx.c.obj
 .debug_loclists
                0x00000795       0xc9 CMakeFiles/uart3.elf.dir/Drivers/STM32F3xx_HAL_Driver/Src/stm32f3xx_hal.c.obj
 .debug_loclists
                0x0000085e      0x439 CMakeFiles/uart3.elf.dir/Drivers/STM32F3xx_HAL_Driver/Src/stm32f3xx_hal_cortex.c.obj
 .debug_loclists
                0x00000c97      0x267 CMakeFiles/uart3.elf.dir/Drivers/STM32F3xx_HAL_Driver/Src/stm32f3xx_hal_gpio.c.obj
 .debug_loclists
                0x00000efe     0x31c6 CMakeFiles/uart3.elf.dir/Drivers/STM32F3xx_HAL_Driver/Src/stm32f3xx_hal_i2c.c.obj
 .debug_loclists
                0x000040c4      0x11d CMakeFiles/uart3.elf.dir/Drivers/STM32F3xx_HAL_Driver/Src/stm32f3xx_hal_i2c_ex.c.obj
 .debug_loclists
                0x000041e1      0xccd CMakeFiles/uart3.elf.dir/Drivers/STM32F3xx_HAL_Driver/Src/stm32f3xx_hal_pcd.c.obj
 .debug_loclists
                0x00004eae      0x850 CMakeFiles/uart3.elf.dir/Drivers/STM32F3xx_HAL_Driver/Src/stm32f3xx_hal_rcc.c.obj
 .debug_loclists
                0x000056fe      0x886 CMakeFiles/uart3.elf.dir/Drivers/STM32F3xx_HAL_Driver/Src/stm32f3xx_hal_rcc_ex.c.obj
 .debug_loclists
                0x00005f84     0x162d CMakeFiles/uart3.elf.dir/Drivers/STM32F3xx_HAL_Driver/Src/stm32f3xx_hal_spi.c.obj
 .debug_loclists
                0x000075b1     0x2ac6 CMakeFiles/uart3.elf.dir/Drivers/STM32F3xx_HAL_Driver/Src/stm32f3xx_hal_uart.c.obj
 .debug_loclists
                0x0000a077      0xf09 CMakeFiles/uart3.elf.dir/Drivers/STM32F3xx_HAL_Driver/Src/stm32f3xx_ll_usb.c.obj

.debug_aranges  0x00000000      0xe60
 .debug_aranges
                0x00000000       0xd8 CMakeFiles/uart3.elf.dir/Core/Src/main.c.obj
 .debug_aranges
                0x000000d8       0x60 CMakeFiles/uart3.elf.dir/Core/Src/stm32f3xx_hal_msp.c.obj
 .debug_aranges
                0x00000138       0x60 CMakeFiles/uart3.elf.dir/Core/Src/stm32f3xx_it.c.obj
 .debug_aranges
                0x00000198       0xa8 CMakeFiles/uart3.elf.dir/Core/Src/syscalls.c.obj
 .debug_aranges
                0x00000240       0x20 CMakeFiles/uart3.elf.dir/Core/Src/sysmem.c.obj
 .debug_aranges
                0x00000260       0x28 CMakeFiles/uart3.elf.dir/Core/Src/system_stm32f3xx.c.obj
 .debug_aranges
                0x00000288       0x28 CMakeFiles/uart3.elf.dir/Core/Startup/startup_stm32f303vctx.s.obj
 .debug_aranges
                0x000002b0       0xe0 CMakeFiles/uart3.elf.dir/Drivers/STM32F3xx_HAL_Driver/Src/stm32f3xx_hal.c.obj
 .debug_aranges
                0x00000390       0xd8 CMakeFiles/uart3.elf.dir/Drivers/STM32F3xx_HAL_Driver/Src/stm32f3xx_hal_cortex.c.obj
 .debug_aranges
                0x00000468       0x58 CMakeFiles/uart3.elf.dir/Drivers/STM32F3xx_HAL_Driver/Src/stm32f3xx_hal_gpio.c.obj
 .debug_aranges
                0x000004c0      0x2a0 CMakeFiles/uart3.elf.dir/Drivers/STM32F3xx_HAL_Driver/Src/stm32f3xx_hal_i2c.c.obj
 .debug_aranges
                0x00000760       0x48 CMakeFiles/uart3.elf.dir/Drivers/STM32F3xx_HAL_Driver/Src/stm32f3xx_hal_i2c_ex.c.obj
 .debug_aranges
                0x000007a8      0x140 CMakeFiles/uart3.elf.dir/Drivers/STM32F3xx_HAL_Driver/Src/stm32f3xx_hal_pcd.c.obj
 .debug_aranges
                0x000008e8       0x88 CMakeFiles/uart3.elf.dir/Drivers/STM32F3xx_HAL_Driver/Src/stm32f3xx_hal_rcc.c.obj
 .debug_aranges
                0x00000970       0x38 CMakeFiles/uart3.elf.dir/Drivers/STM32F3xx_HAL_Driver/Src/stm32f3xx_hal_rcc_ex.c.obj
 .debug_aranges
                0x000009a8      0x1d8 CMakeFiles/uart3.elf.dir/Drivers/STM32F3xx_HAL_Driver/Src/stm32f3xx_hal_spi.c.obj
 .debug_aranges
                0x00000b80      0x228 CMakeFiles/uart3.elf.dir/Drivers/STM32F3xx_HAL_Driver/Src/stm32f3xx_hal_uart.c.obj
 .debug_aranges
                0x00000da8       0xb8 CMakeFiles/uart3.elf.dir/Drivers/STM32F3xx_HAL_Driver/Src/stm32f3xx_ll_usb.c.obj

.debug_rnglists
                0x00000000      0xcb7
 .debug_rnglists
                0x00000000       0xa1 CMakeFiles/uart3.elf.dir/Core/Src/main.c.obj
 .debug_rnglists
                0x000000a1       0x43 CMakeFiles/uart3.elf.dir/Core/Src/stm32f3xx_hal_msp.c.obj
 .debug_rnglists
                0x000000e4       0x43 CMakeFiles/uart3.elf.dir/Core/Src/stm32f3xx_it.c.obj
 .debug_rnglists
                0x00000127       0x79 CMakeFiles/uart3.elf.dir/Core/Src/syscalls.c.obj
 .debug_rnglists
                0x000001a0       0x13 CMakeFiles/uart3.elf.dir/Core/Src/sysmem.c.obj
 .debug_rnglists
                0x000001b3       0x1a CMakeFiles/uart3.elf.dir/Core/Src/system_stm32f3xx.c.obj
 .debug_rnglists
                0x000001cd       0x19 CMakeFiles/uart3.elf.dir/Core/Startup/startup_stm32f303vctx.s.obj
 .debug_rnglists
                0x000001e6       0xa3 CMakeFiles/uart3.elf.dir/Drivers/STM32F3xx_HAL_Driver/Src/stm32f3xx_hal.c.obj
 .debug_rnglists
                0x00000289       0x9d CMakeFiles/uart3.elf.dir/Drivers/STM32F3xx_HAL_Driver/Src/stm32f3xx_hal_cortex.c.obj
 .debug_rnglists
                0x00000326       0x3f CMakeFiles/uart3.elf.dir/Drivers/STM32F3xx_HAL_Driver/Src/stm32f3xx_hal_gpio.c.obj
 .debug_rnglists
                0x00000365      0x21d CMakeFiles/uart3.elf.dir/Drivers/STM32F3xx_HAL_Driver/Src/stm32f3xx_hal_i2c.c.obj
 .debug_rnglists
                0x00000582       0x31 CMakeFiles/uart3.elf.dir/Drivers/STM32F3xx_HAL_Driver/Src/stm32f3xx_hal_i2c_ex.c.obj
 .debug_rnglists
                0x000005b3      0x16c CMakeFiles/uart3.elf.dir/Drivers/STM32F3xx_HAL_Driver/Src/stm32f3xx_hal_pcd.c.obj
 .debug_rnglists
                0x0000071f       0x79 CMakeFiles/uart3.elf.dir/Drivers/STM32F3xx_HAL_Driver/Src/stm32f3xx_hal_rcc.c.obj
 .debug_rnglists
                0x00000798       0x28 CMakeFiles/uart3.elf.dir/Drivers/STM32F3xx_HAL_Driver/Src/stm32f3xx_hal_rcc_ex.c.obj
 .debug_rnglists
                0x000007c0      0x171 CMakeFiles/uart3.elf.dir/Drivers/STM32F3xx_HAL_Driver/Src/stm32f3xx_hal_spi.c.obj
 .debug_rnglists
                0x00000931      0x1bb CMakeFiles/uart3.elf.dir/Drivers/STM32F3xx_HAL_Driver/Src/stm32f3xx_hal_uart.c.obj
 .debug_rnglists
                0x00000aec      0x1cb CMakeFiles/uart3.elf.dir/Drivers/STM32F3xx_HAL_Driver/Src/stm32f3xx_ll_usb.c.obj

.debug_line     0x00000000    0x14e95
 .debug_line    0x00000000      0xcb2 CMakeFiles/uart3.elf.dir/Core/Src/main.c.obj
 .debug_line    0x00000cb2      0x4e1 CMakeFiles/uart3.elf.dir/Core/Src/stm32f3xx_hal_msp.c.obj
 .debug_line    0x00001193      0x1a5 CMakeFiles/uart3.elf.dir/Core/Src/stm32f3xx_it.c.obj
 .debug_line    0x00001338      0x3f1 CMakeFiles/uart3.elf.dir/Core/Src/syscalls.c.obj
 .debug_line    0x00001729      0x1ca CMakeFiles/uart3.elf.dir/Core/Src/sysmem.c.obj
 .debug_line    0x000018f3      0x234 CMakeFiles/uart3.elf.dir/Core/Src/system_stm32f3xx.c.obj
 .debug_line    0x00001b27       0x7a CMakeFiles/uart3.elf.dir/Core/Startup/startup_stm32f303vctx.s.obj
 .debug_line    0x00001ba1      0x570 CMakeFiles/uart3.elf.dir/Drivers/STM32F3xx_HAL_Driver/Src/stm32f3xx_hal.c.obj
 .debug_line    0x00002111      0x82d CMakeFiles/uart3.elf.dir/Drivers/STM32F3xx_HAL_Driver/Src/stm32f3xx_hal_cortex.c.obj
 .debug_line    0x0000293e      0x6b9 CMakeFiles/uart3.elf.dir/Drivers/STM32F3xx_HAL_Driver/Src/stm32f3xx_hal_gpio.c.obj
 .debug_line    0x00002ff7     0x508f CMakeFiles/uart3.elf.dir/Drivers/STM32F3xx_HAL_Driver/Src/stm32f3xx_hal_i2c.c.obj
 .debug_line    0x00008086      0x52c CMakeFiles/uart3.elf.dir/Drivers/STM32F3xx_HAL_Driver/Src/stm32f3xx_hal_i2c_ex.c.obj
 .debug_line    0x000085b2     0x1877 CMakeFiles/uart3.elf.dir/Drivers/STM32F3xx_HAL_Driver/Src/stm32f3xx_hal_pcd.c.obj